 wwtp3_sfun

 Timestamp is 6690f3e3 (Fri Jul 12 11:14:11 2024)

 Preferred load address is 0000000180000000

 Start         Length     Name                   Class
 0001:00000000 0007a120H .text$mn                CODE
 0001:0007a120 00000036H .text$mn$00             CODE
 0001:0007a156 00000092H .text$x                 CODE
 0002:00000000 000005c8H .idata$5                DATA
 0002:000005c8 00000028H .00cfg                  DATA
 0002:000005f0 00000008H .CRT$XCA                DATA
 0002:000005f8 00000008H .CRT$XCZ                DATA
 0002:00000600 00000008H .CRT$XIA                DATA
 0002:00000608 00000008H .CRT$XIZ                DATA
 0002:00000610 00000008H .CRT$XPA                DATA
 0002:00000618 00000008H .CRT$XPZ                DATA
 0002:00000620 00000008H .CRT$XTA                DATA
 0002:00000628 00000008H .CRT$XTZ                DATA
 0002:00000630 00000000H .gehcont$y              DATA
 0002:00000630 00000000H .gfids$y                DATA
 0002:00000630 000003d0H .rdata                  DATA
 0002:00000a00 00000008H .rdata$CastGuardVftablesA DATA
 0002:00000a08 00000008H .rdata$CastGuardVftablesC DATA
 0002:00000a10 00000260H .rdata$zzzdbg           DATA
 0002:00000c70 00000008H .rtc$IAA                DATA
 0002:00000c78 00000008H .rtc$IZZ                DATA
 0002:00000c80 00000008H .rtc$TAA                DATA
 0002:00000c88 00000008H .rtc$TZZ                DATA
 0002:00000c90 000016c0H .xdata                  DATA
 0002:00002350 00000074H .edata                  DATA
 0002:000023c4 00000118H .idata$2                DATA
 0002:000024dc 00000014H .idata$3                DATA
 0002:000024f0 000005c8H .idata$4                DATA
 0002:00002ab8 000010b6H .idata$6                DATA
 0003:00000000 0002ade0H .data                   DATA
 0003:0002ade0 00001270H .bss                    DATA
 0004:00000000 00001cb0H .pdata                  DATA

  Address         Publics by Value              Rva+Base               Lib:Object

 0000:00000000       __guard_fids_table         0000000000000000     <absolute>
 0000:00000000       __hybrid_auxiliary_iat_copy 0000000000000000     <absolute>
 0000:00000000       __hybrid_code_map          0000000000000000     <absolute>
 0000:00000000       __x64_code_ranges_to_entry_points_count 0000000000000000     <absolute>
 0000:00000000       __arm64x_extra_rfe_table   0000000000000000     <absolute>
 0000:00000000       __volatile_metadata        0000000000000000     <absolute>
 0000:00000000       __guard_fids_count         0000000000000000     <absolute>
 0000:00000000       __arm64x_extra_rfe_table_size 0000000000000000     <absolute>
 0000:00000000       __dynamic_value_reloc_table 0000000000000000     <absolute>
 0000:00000000       ___safe_se_handler_count   0000000000000000     <absolute>
 0000:00000000       __guard_longjmp_count      0000000000000000     <absolute>
 0000:00000000       __guard_iat_count          0000000000000000     <absolute>
 0000:00000000       __AbsoluteZero             0000000000000000     <absolute>
 0000:00000000       __guard_check_icall_a64n_fptr 0000000000000000     <absolute>
 0000:00000000       __hybrid_code_map_count    0000000000000000     <absolute>
 0000:00000000       ___safe_se_handler_table   0000000000000000     <absolute>
 0000:00000000       __x64_code_ranges_to_entry_points 0000000000000000     <absolute>
 0000:00000000       __hybrid_auxiliary_iat     0000000000000000     <absolute>
 0000:00000000       __guard_eh_cont_count      0000000000000000     <absolute>
 0000:00000000       __guard_longjmp_table      0000000000000000     <absolute>
 0000:00000000       __guard_iat_table          0000000000000000     <absolute>
 0000:00000000       __arm64x_redirection_metadata 0000000000000000     <absolute>
 0000:00000000       __arm64x_redirection_metadata_count 0000000000000000     <absolute>
 0000:00000000       __enclave_config           0000000000000000     <absolute>
 0000:00000000       __guard_eh_cont_table      0000000000000000     <absolute>
 0000:00000000       __arm64x_native_entrypoint 0000000000000000     <absolute>
 0000:00000100       __guard_flags              0000000000000100     <absolute>
 0000:00000000       __ImageBase                0000000180000000     <linker-defined>
 0001:00000000       wwtp3_initializer          0000000180001000 f   wwtp3_sfun.obj
 0001:00000010       wwtp3_terminator           0000000180001010 f   wwtp3_sfun.obj
 0001:00000020       load_wwtp3_optimization_info 0000000180001020 f   wwtp3_sfun.obj
 0001:000000d0       unload_wwtp3_optimization_info 00000001800010d0 f   wwtp3_sfun.obj
 0001:00000100       sf_wwtp3_method_dispatcher 0000000180001100 f   wwtp3_sfun.obj
 0001:00000170       sf_wwtp3_process_check_sum_call 0000000180001170 f   wwtp3_sfun.obj
 0001:00000680       sf_wwtp3_get_eml_resolved_functions_info 0000000180001680 f   wwtp3_sfun.obj
 0001:000008c0       sf_wwtp3_third_party_uses_info 00000001800018c0 f   wwtp3_sfun.obj
 0001:00000ac0       sf_wwtp3_jit_fallback_info 0000000180001ac0 f   wwtp3_sfun.obj
 0001:00000cc0       sf_wwtp3_get_post_codegen_info 0000000180001cc0 f   wwtp3_sfun.obj
 0001:00000ee0       sf_wwtp3_updateBuildInfo_args_info 0000000180001ee0 f   wwtp3_sfun.obj
 0001:000010e0       wwtp3_register_exported_symbols 00000001800020e0 f   wwtp3_sfun.obj
 0001:000010f0       sf_c2_wwtp3_get_eml_resolved_functions_info 00000001800020f0 f   c2_wwtp3.obj
 0001:00001170       sf_c2_wwtp3_get_check_sum  0000000180002170 f   c2_wwtp3.obj
 0001:00001240       c2_wwtp3_method_dispatcher 0000000180002240 f   c2_wwtp3.obj
 0001:00036a80       sf_c2_wwtp3_third_party_uses_info 0000000180037a80 f   c2_wwtp3.obj
 0001:00036b20       sf_c2_wwtp3_jit_fallback_info 0000000180037b20 f   c2_wwtp3.obj
 0001:00036cb0       sf_c2_wwtp3_updateBuildInfo_args_info 0000000180037cb0 f   c2_wwtp3.obj
 0001:00037070       sf_c2_wwtp3_get_post_codegen_info 0000000180038070 f   c2_wwtp3.obj
 0001:00037570       sf_c4_wwtp3_get_eml_resolved_functions_info 0000000180038570 f   c4_wwtp3.obj
 0001:000375f0       sf_c4_wwtp3_get_check_sum  00000001800385f0 f   c4_wwtp3.obj
 0001:000376c0       c4_wwtp3_method_dispatcher 00000001800386c0 f   c4_wwtp3.obj
 0001:0006d040       sf_c4_wwtp3_third_party_uses_info 000000018006e040 f   c4_wwtp3.obj
 0001:0006d0e0       sf_c4_wwtp3_jit_fallback_info 000000018006e0e0 f   c4_wwtp3.obj
 0001:0006d270       sf_c4_wwtp3_updateBuildInfo_args_info 000000018006e270 f   c4_wwtp3.obj
 0001:0006d630       sf_c4_wwtp3_get_post_codegen_info 000000018006e630 f   c4_wwtp3.obj
 0001:0006db20       mexFunction                000000018006eb20 f   wwtp3_sfun_registry.obj
 0001:000703f0       _ssSetInputPortDirectFeedThroughFcn 00000001800713f0 f   wwtp3_sfun_registry.obj
 0001:00070560       _ssSetRWorkValueFcn        0000000180071560 f   wwtp3_sfun_registry.obj
 0001:000705e0       _ssGetRWorkValueFcn        00000001800715e0 f   wwtp3_sfun_registry.obj
 0001:00070650       _ssSetIWorkValueFcn        0000000180071650 f   wwtp3_sfun_registry.obj
 0001:000706d0       _ssGetIWorkValueFcn        00000001800716d0 f   wwtp3_sfun_registry.obj
 0001:00070740       _ssSetPWorkValueFcn        0000000180071740 f   wwtp3_sfun_registry.obj
 0001:000707c0       _ssGetPWorkValueFcn        00000001800717c0 f   wwtp3_sfun_registry.obj
 0001:00070830       _ssGetInputPortSignalFcn   0000000180071830 f   wwtp3_sfun_registry.obj
 0001:00070bc0       _ssGetInputPortBufferDstPortFcn 0000000180071bc0 f   wwtp3_sfun_registry.obj
 0001:00070c40       _ssGetInputPortSignalPtrsFcn 0000000180071c40 f   wwtp3_sfun_registry.obj
 0001:00070fd0       ssGetParameterTuningCompliance 0000000180071fd0 f   wwtp3_sfun_registry.obj
 0001:00071040       _ssReadInputStringFcn      0000000180072040 f   wwtp3_sfun_registry.obj
 0001:000710b0       ssGetDTypeIdFromMxArray    00000001800720b0 f   wwtp3_sfun_registry.obj
 0001:000711d0       ssWriteRTWMx2dMatParam     00000001800721d0 f   wwtp3_sfun_registry.obj
 0001:00071260       ssWriteRTWMxVectParam      0000000180072260 f   wwtp3_sfun_registry.obj
 0001:000712e0       ssWriteRTWParameters       00000001800722e0 f   wwtp3_sfun_registry.obj
 0001:000718a0       ssWriteRTWParamSettings    00000001800728a0 f   wwtp3_sfun_registry.obj
 0001:00071f90       ssWriteRTWStr              0000000180072f90 f   wwtp3_sfun_registry.obj
 0001:00071ff0       ssWriteRTWWorkVect         0000000180072ff0 f   wwtp3_sfun_registry.obj
 0001:00072550       ssWarning                  0000000180073550 f   wwtp3_sfun_registry.obj
 0001:00072640       ssGetRootSS                0000000180073640 f   wwtp3_sfun_registry.obj
 0001:00072700       ssGetParentSS              0000000180073700 f   wwtp3_sfun_registry.obj
 0001:000727c0       ssWriteRTWNameValuePair    00000001800737c0 f   wwtp3_sfun_registry.obj
 0001:00072cc0       _ssSetInputPortMatrixDimensions 0000000180073cc0 f   wwtp3_sfun_registry.obj
 0001:00072e10       _ssSetOutputPortMatrixDimensions 0000000180073e10 f   wwtp3_sfun_registry.obj
 0001:00072f60       _ssSetInputPortVectorDimension 0000000180073f60 f   wwtp3_sfun_registry.obj
 0001:00073010       _ssSetOutputPortVectorDimension 0000000180074010 f   wwtp3_sfun_registry.obj
 0001:000730c0       ssIsRunTimeParamTunable    00000001800740c0 f   wwtp3_sfun_registry.obj
 0001:00073130       ssGetSFuncBlockHandle      0000000180074130 f   wwtp3_sfun_registry.obj
 0001:000731a0       _ssGetCallSystemNumFcnCallDestinations 00000001800741a0 f   wwtp3_sfun_registry.obj
 0001:00073210       _ssGetCurrentInputPortWidth 0000000180074210 f   wwtp3_sfun_registry.obj
 0001:00073350       _ssGetCurrentOutputPortWidth 0000000180074350 f   wwtp3_sfun_registry.obj
 0001:00073490       ssGetIsZeroCrossControlDisabled 0000000180074490 f   wwtp3_sfun_registry.obj
 0001:00073500       ssSetIsInputPortUsedForContZcSignal 0000000180074500 f   wwtp3_sfun_registry.obj
 0001:00073570       ssSetZcSignalIsZcElementDisc 0000000180074570 f   wwtp3_sfun_registry.obj
 0001:00073620       ssSetZcSignalName          0000000180074620 f   wwtp3_sfun_registry.obj
 0001:00073690       ssSetZcSignalWidth         0000000180074690 f   wwtp3_sfun_registry.obj
 0001:00073700       ssSetZcSignalZcEventType   0000000180074700 f   wwtp3_sfun_registry.obj
 0001:00073770       ssSetZcSignalType          0000000180074770 f   wwtp3_sfun_registry.obj
 0001:000737e0       ssSetZcSignalZcTol         00000001800747e0 f   wwtp3_sfun_registry.obj
 0001:00073850       ssSetZcSignalNeedsEventNotification 0000000180074850 f   wwtp3_sfun_registry.obj
 0001:000738c0       ssCreateAndAddZcSignalInfo 00000001800748c0 f   wwtp3_sfun_registry.obj
 0001:00073930       ssCloneAndAddZcSignalInfo  0000000180074930 f   wwtp3_sfun_registry.obj
 0001:000739a0       ssGetNumZcSignals          00000001800749a0 f   wwtp3_sfun_registry.obj
 0001:00073a10       ssGetZcSignalVector        0000000180074a10 f   wwtp3_sfun_registry.obj
 0001:00073a80       ssGetZcSignalName          0000000180074a80 f   wwtp3_sfun_registry.obj
 0001:00073af0       ssGetZcSignalWidth         0000000180074af0 f   wwtp3_sfun_registry.obj
 0001:00073b60       ssGetZcSignalZcEventType   0000000180074b60 f   wwtp3_sfun_registry.obj
 0001:00073bd0       ssGetZcSignalZcEvents      0000000180074bd0 f   wwtp3_sfun_registry.obj
 0001:00073c40       ssGetZcSignalType          0000000180074c40 f   wwtp3_sfun_registry.obj
 0001:00073cb0       ssGetZcSignalZcTol         0000000180074cb0 f   wwtp3_sfun_registry.obj
 0001:00073d30       ssGetZcSignalNeedsEventNotification 0000000180074d30 f   wwtp3_sfun_registry.obj
 0001:00073da0       ssGetZcSignalIsZcElementDisc 0000000180074da0 f   wwtp3_sfun_registry.obj
 0001:00073e40       ssGetIsInputPortElementContinuous 0000000180074e40 f   wwtp3_sfun_registry.obj
 0001:00073ee0       _ssGetAbsTol               0000000180074ee0 f   wwtp3_sfun_registry.obj
 0001:00073f50       _ssSetStateAbsTol          0000000180074f50 f   wwtp3_sfun_registry.obj
 0001:00074030       _ssSetInputPortReusableFcn 0000000180075030 f   wwtp3_sfun_registry.obj
 0001:00074130       _ssSetOutputPortReusableFcn 0000000180075130 f   wwtp3_sfun_registry.obj
 0001:00074230       _ssSetSymbolicDimsSupport  0000000180075230 f   wwtp3_sfun_registry.obj
 0001:000742a0       _ssRegisterSymbolicDimsExpr 00000001800752a0 f   wwtp3_sfun_registry.obj
 0001:00074320       _ssRegisterSymbolicDimsMATLABExpr 0000000180075320 f   wwtp3_sfun_registry.obj
 0001:000743b0       _ssRegisterSymbolicDims    00000001800753b0 f   wwtp3_sfun_registry.obj
 0001:00074450       _ssRegisterSymbolicDimsString 0000000180075450 f   wwtp3_sfun_registry.obj
 0001:000744d0       _ssRegisterSymbolicDimsIntValue 00000001800754d0 f   wwtp3_sfun_registry.obj
 0001:00074540       _ssRegisterSymbolicEqualRelation 0000000180075540 f   wwtp3_sfun_registry.obj
 0001:000745b0       _ssRegisterSymbolicEqualValue 00000001800755b0 f   wwtp3_sfun_registry.obj
 0001:00074620       _ssAmendLeadingSymbolicDims 0000000180075620 f   wwtp3_sfun_registry.obj
 0001:000746a0       _ssAmendTrailingSymbolicDims 00000001800756a0 f   wwtp3_sfun_registry.obj
 0001:00074720       _ssRegisterSymbolicDimsPlus 0000000180075720 f   wwtp3_sfun_registry.obj
 0001:000747a0       _ssRegisterSymbolicDimsMinus 00000001800757a0 f   wwtp3_sfun_registry.obj
 0001:00074820       _ssRegisterSymbolicDimsMultiply 0000000180075820 f   wwtp3_sfun_registry.obj
 0001:000748a0       _ssRegisterSymbolicDimsDivide 00000001800758a0 f   wwtp3_sfun_registry.obj
 0001:00074920       _ssGetNumSymbolicDims      0000000180075920 f   wwtp3_sfun_registry.obj
 0001:00074990       _ssGetSymbolicDim          0000000180075990 f   wwtp3_sfun_registry.obj
 0001:00074a10       _ssSetInputPortSymbolicDimsId 0000000180075a10 f   wwtp3_sfun_registry.obj
 0001:00074a80       _ssGetCompInputPortSymbolicDimsId 0000000180075a80 f   wwtp3_sfun_registry.obj
 0001:00074af0       _ssSetCompInputPortSymbolicDimsId 0000000180075af0 f   wwtp3_sfun_registry.obj
 0001:00074b60       _ssSetOutputPortSymbolicDimsId 0000000180075b60 f   wwtp3_sfun_registry.obj
 0001:00074bd0       _ssGetCompOutputPortSymbolicDimsId 0000000180075bd0 f   wwtp3_sfun_registry.obj
 0001:00074c40       _ssSetCompOutputPortSymbolicDimsId 0000000180075c40 f   wwtp3_sfun_registry.obj
 0001:00074cb0       _ssGetDWorkSymbolicDimsId  0000000180075cb0 f   wwtp3_sfun_registry.obj
 0001:00074d20       _ssSetDWorkSymbolicDimsId  0000000180075d20 f   wwtp3_sfun_registry.obj
 0001:00074d90       _ssGetCompDWorkSymbolicDimsId 0000000180075d90 f   wwtp3_sfun_registry.obj
 0001:00074e00       _ssSetCompDWorkSymbolicDimsId 0000000180075e00 f   wwtp3_sfun_registry.obj
 0001:00074e70       _ssCreateSLCGStringBuffer  0000000180075e70 f   wwtp3_sfun_registry.obj
 0001:00074ee0       _ssAddToSLCGStringBuffer   0000000180075ee0 f   wwtp3_sfun_registry.obj
 0001:00074f50       _ssGetPointerContainedData 0000000180075f50 f   wwtp3_sfun_registry.obj
 0001:00074fe0       _ssGetPointerContainedDataWidth 0000000180075fe0 f   wwtp3_sfun_registry.obj
 0001:00075070       _ssRegisterDynamicArrayDataTypeFcn 0000000180076070 f   wwtp3_sfun_registry.obj
 0001:00075110       _ssGetDynamicArrayContainedDataCurrentWidthFcn 0000000180076110 f   wwtp3_sfun_registry.obj
 0001:000751e0       _ssGetDynamicArrayContainedDataFcn 00000001800761e0 f   wwtp3_sfun_registry.obj
 0001:000752b0       _ssGetInputPortDynamicArrayDataFcn 00000001800762b0 f   wwtp3_sfun_registry.obj
 0001:00075370       _ssGetOutputPortDynamicArrayDataFcn 0000000180076370 f   wwtp3_sfun_registry.obj
 0001:00075430       _ssGetInputPortDynamicArrayContainedDataFcn 0000000180076430 f   wwtp3_sfun_registry.obj
 0001:000754f0       _ssGetOutputPortDynamicArrayContainedDataFcn 00000001800764f0 f   wwtp3_sfun_registry.obj
 0001:000755b0       _ssGetDynamicArrayDWorkContainedDataFcn 00000001800765b0 f   wwtp3_sfun_registry.obj
 0001:00075670       sf_process_check_sum_call  0000000180076670 f   wwtp3_sfun_registry.obj
 0001:000756c0       sf_process_get_third_party_uses_info_call 00000001800766c0 f   wwtp3_sfun_registry.obj
 0001:000758f0       sf_process_get_jit_fallback_info_call 00000001800768f0 f   wwtp3_sfun_registry.obj
 0001:00075b20       sf_process_get_post_codegen_info_call 0000000180076b20 f   wwtp3_sfun_registry.obj
 0001:00075d50       sf_process_get_updateBuildInfo_args_info_call 0000000180076d50 f   wwtp3_sfun_registry.obj
 0001:00075f80       sf_process_get_eml_resolved_functions_info_call 0000000180076f80 f   wwtp3_sfun_registry.obj
 0001:000761b0       sf_mex_unlock_call         00000001800771b0 f   wwtp3_sfun_registry.obj
 0001:000763d0       sf_machine_global_initializer_called 00000001800773d0 f   wwtp3_sfun_registry.obj
 0001:00076400       sf_machine_global_method_dispatcher 0000000180077400 f   wwtp3_sfun_registry.obj
 0001:00076460       sf_machine_global_terminator 0000000180077460 f   wwtp3_sfun_registry.obj
 0001:00076490       sf_register_machine_exported_symbols 0000000180077490 f   wwtp3_sfun_registry.obj
 0001:000764b0       callCustomFcn              00000001800774b0 f   wwtp3_sfun_registry.obj
 0001:000764c0       sf_machine_global_initializer 00000001800774c0 f   wwtp3_sfun_registry.obj
 0001:00076530       mdlGetSimState             0000000180077530 f   wwtp3_sfun_registry.obj
 0001:00076570       mdlSetSimState             0000000180077570 f   wwtp3_sfun_registry.obj
 0001:00076ee0       ProcessMexSfunctionEveryCall 0000000180077ee0 f   wwtp3_sfun_registry.obj
 0001:00078060       __local_stdio_printf_options 0000000180079060 f i wwtp3_sfun_registry.obj
 0001:00078070       _vsnprintf_l               0000000180079070 f i wwtp3_sfun_registry.obj
 0001:000780f0       _vsprintf_l                00000001800790f0 f i wwtp3_sfun_registry.obj
 0001:00078140       sprintf                    0000000180079140 f i wwtp3_sfun_registry.obj
 0001:00078190       mexfilerequiredapiversion  0000000180079190 f   c_mexapi_version.obj
 0001:000781c0       getBitfieldFromFloat       00000001800791c0 f   half_type.obj
 0001:000781f0       getFloatFromBitfield       00000001800791f0 f   half_type.obj
 0001:00078220       getBitfieldFromHalf        0000000180079220 f   half_type.obj
 0001:00078240       getHalfFromBitfield        0000000180079240 f   half_type.obj
 0001:00078270       halfToFloat                0000000180079270 f   half_type.obj
 0001:00078320       halfToDouble               0000000180079320 f   half_type.obj
 0001:00078350       floatToHalf                0000000180079350 f   half_type.obj
 0001:000785b0       doubleToHalf               00000001800795b0 f   half_type.obj
 0001:0007889c       coderChannelCreate         000000018007989c f   asynciocoder:asynciocoder.dll
 0001:000788a2       coderChannelInit           00000001800798a2 f   asynciocoder:asynciocoder.dll
 0001:000788a8       coderChannelOpen           00000001800798a8 f   asynciocoder:asynciocoder.dll
 0001:000788ae       coderChannelExecute        00000001800798ae f   asynciocoder:asynciocoder.dll
 0001:000788b4       coderChannelClose          00000001800798b4 f   asynciocoder:asynciocoder.dll
 0001:000788ba       coderChannelTerm           00000001800798ba f   asynciocoder:asynciocoder.dll
 0001:000788c0       coderChannelDestroy        00000001800798c0 f   asynciocoder:asynciocoder.dll
 0001:000788c6       coderChannelIsOpen         00000001800798c6 f   asynciocoder:asynciocoder.dll
 0001:000788cc       coderChannelGetPropertyValue 00000001800798cc f   asynciocoder:asynciocoder.dll
 0001:000788d2       coderChannelGetInputStream 00000001800798d2 f   asynciocoder:asynciocoder.dll
 0001:000788d8       coderChannelGetOutputStream 00000001800798d8 f   asynciocoder:asynciocoder.dll
 0001:000788de       coderChannelGetLastError   00000001800798de f   asynciocoder:asynciocoder.dll
 0001:000788e4       coderChannelHasSyncError   00000001800798e4 f   asynciocoder:asynciocoder.dll
 0001:000788ea       coderChannelGetLastSyncError 00000001800798ea f   asynciocoder:asynciocoder.dll
 0001:000788f0       coderStreamGetChannel      00000001800798f0 f   asynciocoder:asynciocoder.dll
 0001:000788f6       coderStreamIsDeviceDone    00000001800798f6 f   asynciocoder:asynciocoder.dll
 0001:000788fc       coderStreamIsOpen          00000001800798fc f   asynciocoder:asynciocoder.dll
 0001:00078902       coderStreamGetDataAvailable 0000000180079902 f   asynciocoder:asynciocoder.dll
 0001:00078908       coderStreamGetSpaceAvailable 0000000180079908 f   asynciocoder:asynciocoder.dll
 0001:0007890e       coderStreamFlush           000000018007990e f   asynciocoder:asynciocoder.dll
 0001:00078914       coderInputStreamPeek       0000000180079914 f   asynciocoder:asynciocoder.dll
 0001:0007891a       coderInputStreamReadBuffers 000000018007991a f   asynciocoder:asynciocoder.dll
 0001:00078920       coderInputStreamReadBufferData 0000000180079920 f   asynciocoder:asynciocoder.dll
 0001:00078926       coderInputStreamFreeBuffer 0000000180079926 f   asynciocoder:asynciocoder.dll
 0001:0007892c       coderOutputStreamWriteTypedDataOld 000000018007992c f   asynciocoder:asynciocoder.dll
 0001:00078932       sf_load_rtw_optimization_info 0000000180079932 f   sf_runtime:sf_runtime.dll
 0001:00078938       sf_mex_decode              0000000180079938 f   sf_runtime:sf_runtime.dll
 0001:0007893e       sf_init_ChartRunTimeInfo   000000018007993e f   sf_runtime:sf_runtime.dll
 0001:00078944       sf_free_ChartRunTimeInfo   0000000180079944 f   sf_runtime:sf_runtime.dll
 0001:0007894a       sf_reset_warnings_ChartRunTimeInfo 000000018007994a f   sf_runtime:sf_runtime.dll
 0001:00078950       sfrtGetEmlrtCtx            0000000180079950 f   sf_runtime:sf_runtime.dll
 0001:00078956       sfrtGetCovrtInstance       0000000180079956 f   sf_runtime:sf_runtime.dll
 0001:0007895c       sf_get_chart_instance_ptr  000000018007995c f   sf_runtime:sf_runtime.dll
 0001:00078962       sim_mode_is_rtw_gen        0000000180079962 f   sf_runtime:sf_runtime.dll
 0001:00078968       sim_mode_is_external       0000000180079968 f   sf_runtime:sf_runtime.dll
 0001:0007896e       sf_clear_rtw_identifier    000000018007996e f   sf_runtime:sf_runtime.dll
 0001:00078974       sf_get_time                0000000180079974 f   sf_runtime:sf_runtime.dll
 0001:0007897a       sfDoAnimationWrapper       000000018007997a f   sf_runtime:sf_runtime.dll
 0001:00078980       setDataBrowseFcn           0000000180079980 f   sf_runtime:sf_runtime.dll
 0001:00078986       setDebuggerFlag            0000000180079986 f   sf_runtime:sf_runtime.dll
 0001:0007898c       sf_warn_if_symbolic_dimension_param_changed 000000018007998c f   sf_runtime:sf_runtime.dll
 0001:00078992       sf_set_work_widths         0000000180079992 f   sf_runtime:sf_runtime.dll
 0001:00078998       sfListenerCacheSimStruct   0000000180079998 f   sf_runtime:sf_runtime.dll
 0001:0007899e       sfListenerLightTerminate   000000018007999e f   sf_runtime:sf_runtime.dll
 0001:000789a4       sfListenerInitializeRuntimeVars 00000001800799a4 f   sf_runtime:sf_runtime.dll
 0001:000789aa       sf_mex_call                00000001800799aa f   sf_runtime:sf_runtime.dll
 0001:000789b0       sf_mex_error_message       00000001800799b0 f   sf_runtime:sf_runtime.dll
 0001:000789b6       sf_mex_create_class_instance 00000001800799b6 f   sf_runtime:sf_runtime.dll
 0001:000789bc       sf_mex_set_all_properties  00000001800799bc f   sf_runtime:sf_runtime.dll
 0001:000789c2       sf_mex_convert_to_redirect_source 00000001800799c2 f   sf_runtime:sf_runtime.dll
 0001:000789c8       sf_mex_create              00000001800799c8 f   sf_runtime:sf_runtime.dll
 0001:000789ce       sf_mex_createcellmatrix    00000001800799ce f   sf_runtime:sf_runtime.dll
 0001:000789d4       sf_mex_setcell             00000001800799d4 f   sf_runtime:sf_runtime.dll
 0001:000789da       sf_mex_getcell             00000001800799da f   sf_runtime:sf_runtime.dll
 0001:000789e0       sf_mex_assign              00000001800799e0 f   sf_runtime:sf_runtime.dll
 0001:000789e6       sf_mex_dup                 00000001800799e6 f   sf_runtime:sf_runtime.dll
 0001:000789ec       sf_mex_destroy             00000001800799ec f   sf_runtime:sf_runtime.dll
 0001:000789f2       sf_mex_import              00000001800799f2 f   sf_runtime:sf_runtime.dll
 0001:000789f8       sf_mex_import_vs           00000001800799f8 f   sf_runtime:sf_runtime.dll
 0001:000789fe       sf_mex_get_dimension       00000001800799fe f   sf_runtime:sf_runtime.dll
 0001:00078a04       ssGetInputPortSignal_wrapper 0000000180079a04 f   sf_runtime:sf_runtime.dll
 0001:00078a0a       ssGetOutputPortSignal_wrapper 0000000180079a0a f   sf_runtime:sf_runtime.dll
 0001:00078a10       sf_get_ChartInfoStruct_CodeGen 0000000180079a10 f   sf_runtime:sf_runtime.dll
 0001:00078a16       sf_get_hasSeparateUpdateOutputs 0000000180079a16 f   sf_runtime:sf_runtime.dll
 0001:00078a1c       callMdlMethodAndReportError 0000000180079a1c f   sf_runtime:sf_runtime.dll
 0001:00078a22       call_sf_machine_global_method_dispatcher 0000000180079a22 f   sf_runtime:sf_runtime.dll
 0001:00078a28       getRuntimeInstanceInfoAsVoid 0000000180079a28 f   sf_runtime:sf_runtime.dll
 0001:00078a2e       sf_mex_error_direct_call   0000000180079a2e f   sf_runtime:sf_runtime.dll
 0001:00078a34       sf_clear_error_manager_info 0000000180079a34 f   sf_runtime:sf_runtime.dll
 0001:00078a3a       mxIsChar_800               0000000180079a3a f   libmx:libmx.dll
 0001:00078a40       mxGetScalar_800            0000000180079a40 f   libmx:libmx.dll
 0001:00078a46       mxGetPr_800                0000000180079a46 f   libmx:libmx.dll
 0001:00078a4c       mxDestroyArray_800         0000000180079a4c f   libmx:libmx.dll
 0001:00078a52       mxCreateDoubleMatrix_800   0000000180079a52 f   libmx:libmx.dll
 0001:00078a58       mxGetString_800            0000000180079a58 f   libmx:libmx.dll
 0001:00078a5e       mxDuplicateArray_800       0000000180079a5e f   libmx:libmx.dll
 0001:00078a64       mxSetCell_800              0000000180079a64 f   libmx:libmx.dll
 0001:00078a6a       mxSetField_800             0000000180079a6a f   libmx:libmx.dll
 0001:00078a70       mxCreateString_800         0000000180079a70 f   libmx:libmx.dll
 0001:00078a76       mxCreateCellMatrix_800     0000000180079a76 f   libmx:libmx.dll
 0001:00078a7c       mxCreateStructMatrix_800   0000000180079a7c f   libmx:libmx.dll
 0001:00078a82       mxGetInf_800               0000000180079a82 f   libmx:libmx.dll
 0001:00078a88       mxCalloc_800               0000000180079a88 f   libmx:libmx.dll
 0001:00078a8e       mxGetM_800                 0000000180079a8e f   libmx:libmx.dll
 0001:00078a94       mxGetClassID_800           0000000180079a94 f   libmx:libmx.dll
 0001:00078a9a       mxIsNumeric_800            0000000180079a9a f   libmx:libmx.dll
 0001:00078aa0       mxIsComplex_800            0000000180079aa0 f   libmx:libmx.dll
 0001:00078aa6       mxGetN_800                 0000000180079aa6 f   libmx:libmx.dll
 0001:00078aac       mxCreateDoubleScalar_800   0000000180079aac f   libmx:libmx.dll
 0001:00078ab2       mexMakeArrayPersistent_800 0000000180079ab2 f   libmex:libmex.dll
 0001:00078ab8       mexErrMsgTxt_800           0000000180079ab8 f   libmex:libmex.dll
 0001:00078abe       mexWarnMsgTxt_800          0000000180079abe f   libmex:libmex.dll
 0001:00078ac4       mexCallMATLAB_800          0000000180079ac4 f   libmex:libmex.dll
 0001:00078aca       mexLock_800                0000000180079aca f   libmex:libmex.dll
 0001:00078ad0       mexUnlock_800              0000000180079ad0 f   libmex:libmex.dll
 0001:00078ad6       mexIsLocked_800            0000000180079ad6 f   libmex:libmex.dll
 0001:00078adc       utMalloc                   0000000180079adc f   libut:libut.dll
 0001:00078ae2       utFree                     0000000180079ae2 f   libut:libut.dll
 0001:00078ae8       muDoubleScalarFloor        0000000180079ae8 f   libmwmathutil:libmwmathutil.dll
 0001:00078aee       muDoubleScalarRound        0000000180079aee f   libmwmathutil:libmwmathutil.dll
 0001:00078af4       muDoubleScalarMin          0000000180079af4 f   libmwmathutil:libmwmathutil.dll
 0001:00078afa       muIntScalarMax_sint32      0000000180079afa f   libmwmathutil:libmwmathutil.dll
 0001:00078b00       muDoubleScalarIsNaN        0000000180079b00 f   libmwmathutil:libmwmathutil.dll
 0001:00078b06       muDoubleScalarIsInf        0000000180079b06 f   libmwmathutil:libmwmathutil.dll
 0001:00078b0c       muDoubleScalarRem          0000000180079b0c f   libmwmathutil:libmwmathutil.dll
 0001:00078b12       emlrtLicenseCheckR2022a    0000000180079b12 f   libemlrt:libemlrt.dll
 0001:00078b18       emlrtDynamicBoundsCheckR2012b 0000000180079b18 f   libemlrt:libemlrt.dll
 0001:00078b1e       emlrtSizeMulR2012b         0000000180079b1e f   libemlrt:libemlrt.dll
 0001:00078b24       emlrtIntegerCheckR2012b    0000000180079b24 f   libemlrt:libemlrt.dll
 0001:00078b2a       emlrtNonNegativeCheckR2012b 0000000180079b2a f   libemlrt:libemlrt.dll
 0001:00078b30       emlrtForLoopVectorCheckR2021a 0000000180079b30 f   libemlrt:libemlrt.dll
 0001:00078b36       emlrtMallocMex             0000000180079b36 f   libemlrt:libemlrt.dll
 0001:00078b3c       emlrtCallocMex             0000000180079b3c f   libemlrt:libemlrt.dll
 0001:00078b42       emlrtFreeMex               0000000180079b42 f   libemlrt:libemlrt.dll
 0001:00078b48       emlrtHeapReferenceStackEnterFcnR2012b 0000000180079b48 f   libemlrt:libemlrt.dll
 0001:00078b4e       emlrtHeapReferenceStackLeaveFcnR2012b 0000000180079b4e f   libemlrt:libemlrt.dll
 0001:00078b54       emlrtPushHeapReferenceStackR2021a 0000000180079b54 f   libemlrt:libemlrt.dll
 0001:00078b5a       emlrtHeapAllocationErrorR2012b 0000000180079b5a f   libemlrt:libemlrt.dll
 0001:00078b60       emlrtClockGettimeMonotonic 0000000180079b60 f   libemlrt:libemlrt.dll
 0001:00078b66       covrtCreateStateflowInstanceData 0000000180079b66 f   libcovrt:libcovrt.dll
 0001:00078b6c       covrtDeleteStateflowInstanceData 0000000180079b6c f   libcovrt:libcovrt.dll
 0001:00078b72       covrtTransInitFcn          0000000180079b72 f   libcovrt:libcovrt.dll
 0001:00078b78       covrtStateInitFcn          0000000180079b78 f   libcovrt:libcovrt.dll
 0001:00078b7e       covrtChartInitFcn          0000000180079b7e f   libcovrt:libcovrt.dll
 0001:00078b84       covrtSaturationUpdateFcn   0000000180079b84 f   libcovrt:libcovrt.dll
 0001:00078b8a       covrtSigUpdateFcn          0000000180079b8a f   libcovrt:libcovrt.dll
 0001:00078b90       covrtEmlInitFcn            0000000180079b90 f   libcovrt:libcovrt.dll
 0001:00078b96       covrtEmlFcnInitFcn         0000000180079b96 f   libcovrt:libcovrt.dll
 0001:00078b9c       covrtEmlSaturationInitFcn  0000000180079b9c f   libcovrt:libcovrt.dll
 0001:00078ba2       covrtEmlFcnEval            0000000180079ba2 f   libcovrt:libcovrt.dll
 0001:00078ba8       __raise_securityfailure    0000000180079ba8 f   MSVCRT:gs_report.obj
 0001:00078bdc       __report_gsfailure         0000000180079bdc f   MSVCRT:gs_report.obj
 0001:00078cb0       __report_rangecheckfailure 0000000180079cb0 f   MSVCRT:gs_report.obj
 0001:00078cc4       __report_securityfailure   0000000180079cc4 f   MSVCRT:gs_report.obj
 0001:00078d60       __report_securityfailureEx 0000000180079d60 f   MSVCRT:gs_report.obj
 0001:00078f54       __GSHandlerCheck           0000000180079f54 f   MSVCRT:gshandler.obj
 0001:00078f74       __GSHandlerCheckCommon     0000000180079f74 f   MSVCRT:gshandler.obj
 0001:00078fe0       __security_check_cookie    0000000180079fe0 f   MSVCRT:amdsecgs.obj
 0001:00079020       __chkstk                   000000018007a020 f   MSVCRT:chkstk.obj
 0001:00079020       _alloca_probe              000000018007a020 f   MSVCRT:chkstk.obj
 0001:000793b0       _CRT_INIT                  000000018007a3b0 f   MSVCRT:dll_dllmain.obj
 0001:000793b8       _DllMainCRTStartup         000000018007a3b8 f   MSVCRT:dll_dllmain.obj
 0001:00079464       __security_init_cookie     000000018007a464 f   MSVCRT:gs_support.obj
 0001:00079510       DllMain                    000000018007a510 f   MSVCRT:dll_dllmain_stub.obj
 0001:00079534       ?__scrt_initialize_type_info@@YAXXZ 000000018007a534 f   MSVCRT:tncleanup.obj
 0001:00079544       ?__scrt_uninitialize_type_info@@YAXXZ 000000018007a544 f   MSVCRT:tncleanup.obj
 0001:00079550       __local_stdio_scanf_options 000000018007a550 f i MSVCRT:default_local_stdio_options.obj
 0001:00079558       __scrt_initialize_default_local_stdio_options 000000018007a558 f   MSVCRT:default_local_stdio_options.obj
 0001:00079574       ?configure_argv@__scrt_narrow_argv_policy@@SAHXZ 000000018007a574 f i MSVCRT:utility.obj
 0001:000795d4       ?initialize_environment@__scrt_narrow_environment_policy@@SAHXZ 000000018007a5d4 f i MSVCRT:utility.obj
 0001:0007960c       NtCurrentTeb               000000018007a60c f i MSVCRT:utility.obj
 0001:00079618       __scrt_acquire_startup_lock 000000018007a618 f   MSVCRT:utility.obj
 0001:00079654       __scrt_dllmain_after_initialize_c 000000018007a654 f   MSVCRT:utility.obj
 0001:00079688       __scrt_dllmain_before_initialize_c 000000018007a688 f   MSVCRT:utility.obj
 0001:000796a0       __scrt_dllmain_crt_thread_attach 000000018007a6a0 f   MSVCRT:utility.obj
 0001:000796c8       __scrt_dllmain_crt_thread_detach 000000018007a6c8 f   MSVCRT:utility.obj
 0001:000796e0       __scrt_dllmain_exception_filter 000000018007a6e0 f   MSVCRT:utility.obj
 0001:00079740       __scrt_dllmain_uninitialize_c 000000018007a740 f   MSVCRT:utility.obj
 0001:00079770       __scrt_dllmain_uninitialize_critical 000000018007a770 f   MSVCRT:utility.obj
 0001:00079784       __scrt_initialize_crt      000000018007a784 f   MSVCRT:utility.obj
 0001:000797d0       __scrt_initialize_onexit_tables 000000018007a7d0 f   MSVCRT:utility.obj
 0001:0007985c       __scrt_is_nonwritable_in_current_image 000000018007a85c f   MSVCRT:utility.obj
 0001:000798f4       __scrt_release_startup_lock 000000018007a8f4 f   MSVCRT:utility.obj
 0001:00079918       __scrt_uninitialize_crt    000000018007a918 f   MSVCRT:utility.obj
 0001:00079944       _onexit                    000000018007a944 f   MSVCRT:utility.obj
 0001:00079980       at_quick_exit              000000018007a980 f   MSVCRT:utility.obj
 0001:000799a0       atexit                     000000018007a9a0 f   MSVCRT:utility.obj
 0001:000799b8       __scrt_get_dyn_tls_init_callback 000000018007a9b8 f   MSVCRT:dyn_tls_init.obj
 0001:000799c0       __crt_debugger_hook        000000018007a9c0 f   MSVCRT:utility_desktop.obj
 0001:000799c8       __scrt_fastfail            000000018007a9c8 f   MSVCRT:utility_desktop.obj
 0001:00079b14       __scrt_get_show_window_mode 000000018007ab14 f   MSVCRT:utility_desktop.obj
 0001:00079b50       __scrt_initialize_mta      000000018007ab50 f   MSVCRT:utility_desktop.obj
 0001:00079b58       __scrt_initialize_winrt    000000018007ab58 f   MSVCRT:utility_desktop.obj
 0001:00079b5c       __scrt_is_managed_app      000000018007ab5c f   MSVCRT:utility_desktop.obj
 0001:00079bb0       __scrt_set_unhandled_exception_filter 000000018007abb0 f   MSVCRT:utility_desktop.obj
 0001:00079bc0       __scrt_stub_for_initialize_mta 000000018007abc0 f   MSVCRT:utility_desktop.obj
 0001:00079bc0       __scrt_exe_initialize_mta  000000018007abc0 f   MSVCRT:utility_desktop.obj
 0001:00079bc4       __scrt_unhandled_exception_filter 000000018007abc4 f   MSVCRT:utility_desktop.obj
 0001:00079c20       _RTC_Initialize            000000018007ac20 f   MSVCRT:initsect.obj
 0001:00079c5c       _RTC_Terminate             000000018007ac5c f   MSVCRT:initsect.obj
 0001:00079c98       _guard_check_icall_nop     000000018007ac98 f i MSVCRT:guard_support.obj
 0001:00079c9c       ReadNoFence64              000000018007ac9c f i MSVCRT:guard_support.obj
 0001:00079ca0       ReadPointerNoFence         000000018007aca0 f i MSVCRT:guard_support.obj
 0001:00079ca4       __castguard_check_failure_debugbreak 000000018007aca4 f i MSVCRT:guard_support.obj
 0001:00079cc0       __castguard_check_failure_fastfail 000000018007acc0 f i MSVCRT:guard_support.obj
 0001:00079ce4       __castguard_check_failure_nop 000000018007ace4 f i MSVCRT:guard_support.obj
 0001:00079ce8       __castguard_check_failure_os_handled 000000018007ace8 f i MSVCRT:guard_support.obj
 0001:00079d48       __castguard_slow_path_check_debugbreak 000000018007ad48 f i MSVCRT:guard_support.obj
 0001:00079d7c       __castguard_slow_path_check_fastfail 000000018007ad7c f i MSVCRT:guard_support.obj
 0001:00079db8       __castguard_slow_path_check_nop 000000018007adb8 f i MSVCRT:guard_support.obj
 0001:00079dbc       __castguard_slow_path_check_os_handled 000000018007adbc f i MSVCRT:guard_support.obj
 0001:00079e30       _guard_icall_checks_enforced 000000018007ae30 f i MSVCRT:guard_support.obj
 0001:00079e48       _guard_rf_checks_enforced  000000018007ae48 f i MSVCRT:guard_support.obj
 0001:00079e4c       __isa_available_init       000000018007ae4c f   MSVCRT:cpu_disp.obj
 0001:00079ff0       _get_startup_argv_mode     000000018007aff0 f   MSVCRT:argv_mode.obj
 0001:00079ff8       __scrt_is_ucrt_dll_in_use  000000018007aff8 f   MSVCRT:ucrt_detection.obj
 0001:0007a010       RtlCaptureContext          000000018007b010 f   kernel32:KERNEL32.dll
 0001:0007a016       RtlLookupFunctionEntry     000000018007b016 f   kernel32:KERNEL32.dll
 0001:0007a01c       RtlVirtualUnwind           000000018007b01c f   kernel32:KERNEL32.dll
 0001:0007a022       UnhandledExceptionFilter   000000018007b022 f   kernel32:KERNEL32.dll
 0001:0007a028       SetUnhandledExceptionFilter 000000018007b028 f   kernel32:KERNEL32.dll
 0001:0007a02e       GetCurrentProcess          000000018007b02e f   kernel32:KERNEL32.dll
 0001:0007a034       TerminateProcess           000000018007b034 f   kernel32:KERNEL32.dll
 0001:0007a03a       IsProcessorFeaturePresent  000000018007b03a f   kernel32:KERNEL32.dll
 0001:0007a040       QueryPerformanceCounter    000000018007b040 f   kernel32:KERNEL32.dll
 0001:0007a046       GetCurrentProcessId        000000018007b046 f   kernel32:KERNEL32.dll
 0001:0007a04c       GetCurrentThreadId         000000018007b04c f   kernel32:KERNEL32.dll
 0001:0007a052       GetSystemTimeAsFileTime    000000018007b052 f   kernel32:KERNEL32.dll
 0001:0007a058       DisableThreadLibraryCalls  000000018007b058 f   kernel32:KERNEL32.dll
 0001:0007a05e       InitializeSListHead        000000018007b05e f   kernel32:KERNEL32.dll
 0001:0007a064       IsDebuggerPresent          000000018007b064 f   kernel32:KERNEL32.dll
 0001:0007a06a       GetStartupInfoW            000000018007b06a f   kernel32:KERNEL32.dll
 0001:0007a070       GetModuleHandleW           000000018007b070 f   kernel32:KERNEL32.dll
 0001:0007a076       memcpy                     000000018007b076 f   vcruntime:VCRUNTIME140.dll
 0001:0007a07c       memset                     000000018007b07c f   vcruntime:VCRUNTIME140.dll
 0001:0007a082       __C_specific_handler       000000018007b082 f   vcruntime:VCRUNTIME140.dll
 0001:0007a088       __std_type_info_destroy_list 000000018007b088 f   vcruntime:VCRUNTIME140.dll
 0001:0007a08e       __current_exception        000000018007b08e f   vcruntime:VCRUNTIME140.dll
 0001:0007a094       __current_exception_context 000000018007b094 f   vcruntime:VCRUNTIME140.dll
 0001:0007a09a       strcmp                     000000018007b09a f   ucrt:api-ms-win-crt-string-l1-1-0.dll
 0001:0007a0a0       strcat                     000000018007b0a0 f   ucrt:api-ms-win-crt-string-l1-1-0.dll
 0001:0007a0a6       __stdio_common_vsprintf    000000018007b0a6 f   ucrt:api-ms-win-crt-stdio-l1-1-0.dll
 0001:0007a0ac       free                       000000018007b0ac f   ucrt:api-ms-win-crt-heap-l1-1-0.dll
 0001:0007a0b2       malloc                     000000018007b0b2 f   ucrt:api-ms-win-crt-heap-l1-1-0.dll
 0001:0007a0b8       strlen                     000000018007b0b8 f   ucrt:api-ms-win-crt-string-l1-1-0.dll
 0001:0007a0be       _initterm                  000000018007b0be f   ucrt:api-ms-win-crt-runtime-l1-1-0.dll
 0001:0007a0c4       _initterm_e                000000018007b0c4 f   ucrt:api-ms-win-crt-runtime-l1-1-0.dll
 0001:0007a0ca       _seh_filter_dll            000000018007b0ca f   ucrt:api-ms-win-crt-runtime-l1-1-0.dll
 0001:0007a0d0       _configure_narrow_argv     000000018007b0d0 f   ucrt:api-ms-win-crt-runtime-l1-1-0.dll
 0001:0007a0d6       _initialize_narrow_environment 000000018007b0d6 f   ucrt:api-ms-win-crt-runtime-l1-1-0.dll
 0001:0007a0dc       _initialize_onexit_table   000000018007b0dc f   ucrt:api-ms-win-crt-runtime-l1-1-0.dll
 0001:0007a0e2       _register_onexit_function  000000018007b0e2 f   ucrt:api-ms-win-crt-runtime-l1-1-0.dll
 0001:0007a0e8       _execute_onexit_table      000000018007b0e8 f   ucrt:api-ms-win-crt-runtime-l1-1-0.dll
 0001:0007a0ee       _crt_atexit                000000018007b0ee f   ucrt:api-ms-win-crt-runtime-l1-1-0.dll
 0001:0007a0f4       _crt_at_quick_exit         000000018007b0f4 f   ucrt:api-ms-win-crt-runtime-l1-1-0.dll
 0001:0007a0fa       _cexit                     000000018007b0fa f   ucrt:api-ms-win-crt-runtime-l1-1-0.dll
 0001:0007a100       terminate                  000000018007b100 f   ucrt:api-ms-win-crt-runtime-l1-1-0.dll
 0001:0007a108       __scrt_stub_for_acrt_initialize 000000018007b108 f   MSVCRT:ucrt_stubs.obj
 0001:0007a108       __acrt_initialize          000000018007b108 f   MSVCRT:ucrt_stubs.obj
 0001:0007a108       __vcrt_initialize          000000018007b108 f   MSVCRT:ucrt_stubs.obj
 0001:0007a10c       __vcrt_thread_attach       000000018007b10c f   MSVCRT:ucrt_stubs.obj
 0001:0007a10c       __scrt_stub_for_acrt_thread_attach 000000018007b10c f   MSVCRT:ucrt_stubs.obj
 0001:0007a10c       __acrt_thread_attach       000000018007b10c f   MSVCRT:ucrt_stubs.obj
 0001:0007a110       __scrt_stub_for_acrt_thread_detach 000000018007b110 f   MSVCRT:ucrt_stubs.obj
 0001:0007a110       __vcrt_thread_detach       000000018007b110 f   MSVCRT:ucrt_stubs.obj
 0001:0007a110       __acrt_thread_detach       000000018007b110 f   MSVCRT:ucrt_stubs.obj
 0001:0007a114       __scrt_stub_for_acrt_uninitialize 000000018007b114 f   MSVCRT:ucrt_stubs.obj
 0001:0007a114       __acrt_uninitialize        000000018007b114 f   MSVCRT:ucrt_stubs.obj
 0001:0007a114       __vcrt_uninitialize        000000018007b114 f   MSVCRT:ucrt_stubs.obj
 0001:0007a118       __vcrt_uninitialize_critical 000000018007b118 f   MSVCRT:ucrt_stubs.obj
 0001:0007a118       __scrt_stub_for_acrt_uninitialize_critical 000000018007b118 f   MSVCRT:ucrt_stubs.obj
 0001:0007a118       __acrt_uninitialize_critical 000000018007b118 f   MSVCRT:ucrt_stubs.obj
 0001:0007a11c       _is_c_termination_complete 000000018007b11c f   MSVCRT:ucrt_stubs.obj
 0001:0007a11c       __scrt_stub_for_is_c_termination_complete 000000018007b11c f   MSVCRT:ucrt_stubs.obj
 0001:0007a130       _guard_dispatch_icall_nop  000000018007b130 f   MSVCRT:guard_dispatch.obj
 0001:0007a150       _guard_xfg_dispatch_icall_nop 000000018007b150 f   MSVCRT:guard_xfg_dispatch.obj
 0002:00000000       __imp_RtlCaptureContext    000000018007c000     kernel32:KERNEL32.dll
 0002:00000008       __imp_RtlLookupFunctionEntry 000000018007c008     kernel32:KERNEL32.dll
 0002:00000010       __imp_RtlVirtualUnwind     000000018007c010     kernel32:KERNEL32.dll
 0002:00000018       __imp_UnhandledExceptionFilter 000000018007c018     kernel32:KERNEL32.dll
 0002:00000020       __imp_SetUnhandledExceptionFilter 000000018007c020     kernel32:KERNEL32.dll
 0002:00000028       __imp_GetCurrentProcess    000000018007c028     kernel32:KERNEL32.dll
 0002:00000030       __imp_TerminateProcess     000000018007c030     kernel32:KERNEL32.dll
 0002:00000038       __imp_IsProcessorFeaturePresent 000000018007c038     kernel32:KERNEL32.dll
 0002:00000040       __imp_QueryPerformanceCounter 000000018007c040     kernel32:KERNEL32.dll
 0002:00000048       __imp_GetCurrentProcessId  000000018007c048     kernel32:KERNEL32.dll
 0002:00000050       __imp_GetCurrentThreadId   000000018007c050     kernel32:KERNEL32.dll
 0002:00000058       __imp_GetSystemTimeAsFileTime 000000018007c058     kernel32:KERNEL32.dll
 0002:00000060       __imp_DisableThreadLibraryCalls 000000018007c060     kernel32:KERNEL32.dll
 0002:00000068       __imp_InitializeSListHead  000000018007c068     kernel32:KERNEL32.dll
 0002:00000070       __imp_IsDebuggerPresent    000000018007c070     kernel32:KERNEL32.dll
 0002:00000078       __imp_GetStartupInfoW      000000018007c078     kernel32:KERNEL32.dll
 0002:00000080       __imp_GetModuleHandleW     000000018007c080     kernel32:KERNEL32.dll
 0002:00000088       \177KERNEL32_NULL_THUNK_DATA 000000018007c088     kernel32:KERNEL32.dll
 0002:00000090       __imp_memcpy               000000018007c090     vcruntime:VCRUNTIME140.dll
 0002:00000098       __imp_memset               000000018007c098     vcruntime:VCRUNTIME140.dll
 0002:000000a0       __imp___C_specific_handler 000000018007c0a0     vcruntime:VCRUNTIME140.dll
 0002:000000a8       __imp___std_type_info_destroy_list 000000018007c0a8     vcruntime:VCRUNTIME140.dll
 0002:000000b0       __imp___current_exception  000000018007c0b0     vcruntime:VCRUNTIME140.dll
 0002:000000b8       __imp___current_exception_context 000000018007c0b8     vcruntime:VCRUNTIME140.dll
 0002:000000c0       \177VCRUNTIME140_NULL_THUNK_DATA 000000018007c0c0     vcruntime:VCRUNTIME140.dll
 0002:000000c8       __imp_free                 000000018007c0c8     ucrt:api-ms-win-crt-heap-l1-1-0.dll
 0002:000000d0       __imp_malloc               000000018007c0d0     ucrt:api-ms-win-crt-heap-l1-1-0.dll
 0002:000000d8       \177api-ms-win-crt-heap-l1-1-0_NULL_THUNK_DATA 000000018007c0d8     ucrt:api-ms-win-crt-heap-l1-1-0.dll
 0002:000000e0       __imp_terminate            000000018007c0e0     ucrt:api-ms-win-crt-runtime-l1-1-0.dll
 0002:000000e8       __imp__cexit               000000018007c0e8     ucrt:api-ms-win-crt-runtime-l1-1-0.dll
 0002:000000f0       __imp__crt_at_quick_exit   000000018007c0f0     ucrt:api-ms-win-crt-runtime-l1-1-0.dll
 0002:000000f8       __imp__crt_atexit          000000018007c0f8     ucrt:api-ms-win-crt-runtime-l1-1-0.dll
 0002:00000100       __imp__execute_onexit_table 000000018007c100     ucrt:api-ms-win-crt-runtime-l1-1-0.dll
 0002:00000108       __imp__register_onexit_function 000000018007c108     ucrt:api-ms-win-crt-runtime-l1-1-0.dll
 0002:00000110       __imp__initialize_onexit_table 000000018007c110     ucrt:api-ms-win-crt-runtime-l1-1-0.dll
 0002:00000118       __imp__initialize_narrow_environment 000000018007c118     ucrt:api-ms-win-crt-runtime-l1-1-0.dll
 0002:00000120       __imp__configure_narrow_argv 000000018007c120     ucrt:api-ms-win-crt-runtime-l1-1-0.dll
 0002:00000128       __imp__seh_filter_dll      000000018007c128     ucrt:api-ms-win-crt-runtime-l1-1-0.dll
 0002:00000130       __imp__initterm_e          000000018007c130     ucrt:api-ms-win-crt-runtime-l1-1-0.dll
 0002:00000138       __imp__initterm            000000018007c138     ucrt:api-ms-win-crt-runtime-l1-1-0.dll
 0002:00000140       \177api-ms-win-crt-runtime-l1-1-0_NULL_THUNK_DATA 000000018007c140     ucrt:api-ms-win-crt-runtime-l1-1-0.dll
 0002:00000148       __imp___stdio_common_vsprintf 000000018007c148     ucrt:api-ms-win-crt-stdio-l1-1-0.dll
 0002:00000150       \177api-ms-win-crt-stdio-l1-1-0_NULL_THUNK_DATA 000000018007c150     ucrt:api-ms-win-crt-stdio-l1-1-0.dll
 0002:00000158       __imp_strlen               000000018007c158     ucrt:api-ms-win-crt-string-l1-1-0.dll
 0002:00000160       __imp_strcat               000000018007c160     ucrt:api-ms-win-crt-string-l1-1-0.dll
 0002:00000168       __imp_strcmp               000000018007c168     ucrt:api-ms-win-crt-string-l1-1-0.dll
 0002:00000170       \177api-ms-win-crt-string-l1-1-0_NULL_THUNK_DATA 000000018007c170     ucrt:api-ms-win-crt-string-l1-1-0.dll
 0002:00000178       __imp_coderInputStreamFreeBuffer 000000018007c178     asynciocoder:asynciocoder.dll
 0002:00000180       __imp_coderInputStreamReadBufferData 000000018007c180     asynciocoder:asynciocoder.dll
 0002:00000188       __imp_coderInputStreamReadBuffers 000000018007c188     asynciocoder:asynciocoder.dll
 0002:00000190       __imp_coderInputStreamPeek 000000018007c190     asynciocoder:asynciocoder.dll
 0002:00000198       __imp_coderStreamFlush     000000018007c198     asynciocoder:asynciocoder.dll
 0002:000001a0       __imp_coderStreamGetSpaceAvailable 000000018007c1a0     asynciocoder:asynciocoder.dll
 0002:000001a8       __imp_coderStreamGetDataAvailable 000000018007c1a8     asynciocoder:asynciocoder.dll
 0002:000001b0       __imp_coderStreamIsOpen    000000018007c1b0     asynciocoder:asynciocoder.dll
 0002:000001b8       __imp_coderOutputStreamWriteTypedDataOld 000000018007c1b8     asynciocoder:asynciocoder.dll
 0002:000001c0       __imp_coderStreamGetChannel 000000018007c1c0     asynciocoder:asynciocoder.dll
 0002:000001c8       __imp_coderChannelGetLastSyncError 000000018007c1c8     asynciocoder:asynciocoder.dll
 0002:000001d0       __imp_coderChannelHasSyncError 000000018007c1d0     asynciocoder:asynciocoder.dll
 0002:000001d8       __imp_coderChannelGetLastError 000000018007c1d8     asynciocoder:asynciocoder.dll
 0002:000001e0       __imp_coderChannelGetOutputStream 000000018007c1e0     asynciocoder:asynciocoder.dll
 0002:000001e8       __imp_coderChannelGetInputStream 000000018007c1e8     asynciocoder:asynciocoder.dll
 0002:000001f0       __imp_coderChannelGetPropertyValue 000000018007c1f0     asynciocoder:asynciocoder.dll
 0002:000001f8       __imp_coderChannelIsOpen   000000018007c1f8     asynciocoder:asynciocoder.dll
 0002:00000200       __imp_coderChannelDestroy  000000018007c200     asynciocoder:asynciocoder.dll
 0002:00000208       __imp_coderChannelTerm     000000018007c208     asynciocoder:asynciocoder.dll
 0002:00000210       __imp_coderChannelClose    000000018007c210     asynciocoder:asynciocoder.dll
 0002:00000218       __imp_coderChannelExecute  000000018007c218     asynciocoder:asynciocoder.dll
 0002:00000220       __imp_coderChannelOpen     000000018007c220     asynciocoder:asynciocoder.dll
 0002:00000228       __imp_coderChannelInit     000000018007c228     asynciocoder:asynciocoder.dll
 0002:00000230       __imp_coderStreamIsDeviceDone 000000018007c230     asynciocoder:asynciocoder.dll
 0002:00000238       __imp_coderChannelCreate   000000018007c238     asynciocoder:asynciocoder.dll
 0002:00000240       \177asynciocoder_NULL_THUNK_DATA 000000018007c240     asynciocoder:asynciocoder.dll
 0002:00000248       __imp_covrtTransInitFcn    000000018007c248     libcovrt:libcovrt.dll
 0002:00000250       __imp_covrtDeleteStateflowInstanceData 000000018007c250     libcovrt:libcovrt.dll
 0002:00000258       __imp_covrtEmlFcnEval      000000018007c258     libcovrt:libcovrt.dll
 0002:00000260       __imp_covrtEmlSaturationInitFcn 000000018007c260     libcovrt:libcovrt.dll
 0002:00000268       __imp_covrtEmlFcnInitFcn   000000018007c268     libcovrt:libcovrt.dll
 0002:00000270       __imp_covrtEmlInitFcn      000000018007c270     libcovrt:libcovrt.dll
 0002:00000278       __imp_covrtSigUpdateFcn    000000018007c278     libcovrt:libcovrt.dll
 0002:00000280       __imp_covrtSaturationUpdateFcn 000000018007c280     libcovrt:libcovrt.dll
 0002:00000288       __imp_covrtChartInitFcn    000000018007c288     libcovrt:libcovrt.dll
 0002:00000290       __imp_covrtStateInitFcn    000000018007c290     libcovrt:libcovrt.dll
 0002:00000298       __imp_covrtCreateStateflowInstanceData 000000018007c298     libcovrt:libcovrt.dll
 0002:000002a0       \177libcovrt_NULL_THUNK_DATA 000000018007c2a0     libcovrt:libcovrt.dll
 0002:000002a8       __imp_emlrtDynamicBoundsCheckR2012b 000000018007c2a8     libemlrt:libemlrt.dll
 0002:000002b0       __imp_emlrtSizeMulR2012b   000000018007c2b0     libemlrt:libemlrt.dll
 0002:000002b8       __imp_emlrtClockGettimeMonotonic 000000018007c2b8     libemlrt:libemlrt.dll
 0002:000002c0       __imp_emlrtHeapAllocationErrorR2012b 000000018007c2c0     libemlrt:libemlrt.dll
 0002:000002c8       __imp_emlrtPushHeapReferenceStackR2021a 000000018007c2c8     libemlrt:libemlrt.dll
 0002:000002d0       __imp_emlrtHeapReferenceStackLeaveFcnR2012b 000000018007c2d0     libemlrt:libemlrt.dll
 0002:000002d8       __imp_emlrtHeapReferenceStackEnterFcnR2012b 000000018007c2d8     libemlrt:libemlrt.dll
 0002:000002e0       __imp_emlrtFreeMex         000000018007c2e0     libemlrt:libemlrt.dll
 0002:000002e8       __imp_emlrtIntegerCheckR2012b 000000018007c2e8     libemlrt:libemlrt.dll
 0002:000002f0       __imp_emlrtNonNegativeCheckR2012b 000000018007c2f0     libemlrt:libemlrt.dll
 0002:000002f8       __imp_emlrtForLoopVectorCheckR2021a 000000018007c2f8     libemlrt:libemlrt.dll
 0002:00000300       __imp_emlrtMallocMex       000000018007c300     libemlrt:libemlrt.dll
 0002:00000308       __imp_emlrtCallocMex       000000018007c308     libemlrt:libemlrt.dll
 0002:00000310       __imp_emlrtLicenseCheckR2022a 000000018007c310     libemlrt:libemlrt.dll
 0002:00000318       \177libemlrt_NULL_THUNK_DATA 000000018007c318     libemlrt:libemlrt.dll
 0002:00000320       __imp_mexCallMATLAB_800    000000018007c320     libmex:libmex.dll
 0002:00000328       __imp_mexWarnMsgTxt_800    000000018007c328     libmex:libmex.dll
 0002:00000330       __imp_mexErrMsgTxt_800     000000018007c330     libmex:libmex.dll
 0002:00000338       __imp_mexLock_800          000000018007c338     libmex:libmex.dll
 0002:00000340       __imp_mexUnlock_800        000000018007c340     libmex:libmex.dll
 0002:00000348       __imp_mexMakeArrayPersistent_800 000000018007c348     libmex:libmex.dll
 0002:00000350       __imp_mexIsLocked_800      000000018007c350     libmex:libmex.dll
 0002:00000358       \177libmex_NULL_THUNK_DATA 000000018007c358     libmex:libmex.dll
 0002:00000360       __imp_muDoubleScalarIsInf  000000018007c360     libmwmathutil:libmwmathutil.dll
 0002:00000368       __imp_muDoubleScalarRem    000000018007c368     libmwmathutil:libmwmathutil.dll
 0002:00000370       __imp_muDoubleScalarFloor  000000018007c370     libmwmathutil:libmwmathutil.dll
 0002:00000378       __imp_muIntScalarMax_sint32 000000018007c378     libmwmathutil:libmwmathutil.dll
 0002:00000380       __imp_muDoubleScalarMin    000000018007c380     libmwmathutil:libmwmathutil.dll
 0002:00000388       __imp_muDoubleScalarRound  000000018007c388     libmwmathutil:libmwmathutil.dll
 0002:00000390       __imp_muDoubleScalarIsNaN  000000018007c390     libmwmathutil:libmwmathutil.dll
 0002:00000398       \177libmwmathutil_NULL_THUNK_DATA 000000018007c398     libmwmathutil:libmwmathutil.dll
 0002:000003a0       __imp_mxDestroyArray_800   000000018007c3a0     libmx:libmx.dll
 0002:000003a8       __imp_mxGetScalar_800      000000018007c3a8     libmx:libmx.dll
 0002:000003b0       __imp_mxGetPr_800          000000018007c3b0     libmx:libmx.dll
 0002:000003b8       __imp_mxIsChar_800         000000018007c3b8     libmx:libmx.dll
 0002:000003c0       __imp_mxCreateDoubleMatrix_800 000000018007c3c0     libmx:libmx.dll
 0002:000003c8       __imp_mxCreateDoubleScalar_800 000000018007c3c8     libmx:libmx.dll
 0002:000003d0       __imp_mxGetN_800           000000018007c3d0     libmx:libmx.dll
 0002:000003d8       __imp_mxIsComplex_800      000000018007c3d8     libmx:libmx.dll
 0002:000003e0       __imp_mxIsNumeric_800      000000018007c3e0     libmx:libmx.dll
 0002:000003e8       __imp_mxGetClassID_800     000000018007c3e8     libmx:libmx.dll
 0002:000003f0       __imp_mxGetM_800           000000018007c3f0     libmx:libmx.dll
 0002:000003f8       __imp_mxCalloc_800         000000018007c3f8     libmx:libmx.dll
 0002:00000400       __imp_mxGetInf_800         000000018007c400     libmx:libmx.dll
 0002:00000408       __imp_mxCreateStructMatrix_800 000000018007c408     libmx:libmx.dll
 0002:00000410       __imp_mxCreateCellMatrix_800 000000018007c410     libmx:libmx.dll
 0002:00000418       __imp_mxCreateString_800   000000018007c418     libmx:libmx.dll
 0002:00000420       __imp_mxSetField_800       000000018007c420     libmx:libmx.dll
 0002:00000428       __imp_mxSetCell_800        000000018007c428     libmx:libmx.dll
 0002:00000430       __imp_mxDuplicateArray_800 000000018007c430     libmx:libmx.dll
 0002:00000438       __imp_mxGetString_800      000000018007c438     libmx:libmx.dll
 0002:00000440       \177libmx_NULL_THUNK_DATA  000000018007c440     libmx:libmx.dll
 0002:00000448       __imp_utMalloc             000000018007c448     libut:libut.dll
 0002:00000450       __imp_utFree               000000018007c450     libut:libut.dll
 0002:00000458       \177libut_NULL_THUNK_DATA  000000018007c458     libut:libut.dll
 0002:00000460       __imp_sf_mex_error_direct_call 000000018007c460     sf_runtime:sf_runtime.dll
 0002:00000468       __imp_call_sf_machine_global_method_dispatcher 000000018007c468     sf_runtime:sf_runtime.dll
 0002:00000470       __imp_callMdlMethodAndReportError 000000018007c470     sf_runtime:sf_runtime.dll
 0002:00000478       __imp_sf_get_hasSeparateUpdateOutputs 000000018007c478     sf_runtime:sf_runtime.dll
 0002:00000480       __imp_sf_get_ChartInfoStruct_CodeGen 000000018007c480     sf_runtime:sf_runtime.dll
 0002:00000488       __imp_getRuntimeInstanceInfoAsVoid 000000018007c488     sf_runtime:sf_runtime.dll
 0002:00000490       __imp_sf_clear_error_manager_info 000000018007c490     sf_runtime:sf_runtime.dll
 0002:00000498       __imp_ssGetInputPortSignal_wrapper 000000018007c498     sf_runtime:sf_runtime.dll
 0002:000004a0       __imp_sf_mex_get_dimension 000000018007c4a0     sf_runtime:sf_runtime.dll
 0002:000004a8       __imp_sf_mex_import_vs     000000018007c4a8     sf_runtime:sf_runtime.dll
 0002:000004b0       __imp_sf_mex_import        000000018007c4b0     sf_runtime:sf_runtime.dll
 0002:000004b8       __imp_sf_mex_destroy       000000018007c4b8     sf_runtime:sf_runtime.dll
 0002:000004c0       __imp_sf_mex_dup           000000018007c4c0     sf_runtime:sf_runtime.dll
 0002:000004c8       __imp_sf_mex_assign        000000018007c4c8     sf_runtime:sf_runtime.dll
 0002:000004d0       __imp_sf_mex_getcell       000000018007c4d0     sf_runtime:sf_runtime.dll
 0002:000004d8       __imp_sf_mex_setcell       000000018007c4d8     sf_runtime:sf_runtime.dll
 0002:000004e0       __imp_sf_mex_createcellmatrix 000000018007c4e0     sf_runtime:sf_runtime.dll
 0002:000004e8       __imp_sf_mex_create        000000018007c4e8     sf_runtime:sf_runtime.dll
 0002:000004f0       __imp_sf_mex_convert_to_redirect_source 000000018007c4f0     sf_runtime:sf_runtime.dll
 0002:000004f8       __imp_sf_mex_set_all_properties 000000018007c4f8     sf_runtime:sf_runtime.dll
 0002:00000500       __imp_sf_mex_create_class_instance 000000018007c500     sf_runtime:sf_runtime.dll
 0002:00000508       __imp_sf_mex_error_message 000000018007c508     sf_runtime:sf_runtime.dll
 0002:00000510       __imp_sf_mex_call          000000018007c510     sf_runtime:sf_runtime.dll
 0002:00000518       __imp_sfListenerInitializeRuntimeVars 000000018007c518     sf_runtime:sf_runtime.dll
 0002:00000520       __imp_sfListenerLightTerminate 000000018007c520     sf_runtime:sf_runtime.dll
 0002:00000528       __imp_sfListenerCacheSimStruct 000000018007c528     sf_runtime:sf_runtime.dll
 0002:00000530       __imp_sf_set_work_widths   000000018007c530     sf_runtime:sf_runtime.dll
 0002:00000538       __imp_sf_warn_if_symbolic_dimension_param_changed 000000018007c538     sf_runtime:sf_runtime.dll
 0002:00000540       __imp_setDebuggerFlag      000000018007c540     sf_runtime:sf_runtime.dll
 0002:00000548       __imp_setDataBrowseFcn     000000018007c548     sf_runtime:sf_runtime.dll
 0002:00000550       __imp_sfDoAnimationWrapper 000000018007c550     sf_runtime:sf_runtime.dll
 0002:00000558       __imp_sf_get_time          000000018007c558     sf_runtime:sf_runtime.dll
 0002:00000560       __imp_sf_clear_rtw_identifier 000000018007c560     sf_runtime:sf_runtime.dll
 0002:00000568       __imp_sim_mode_is_external 000000018007c568     sf_runtime:sf_runtime.dll
 0002:00000570       __imp_sim_mode_is_rtw_gen  000000018007c570     sf_runtime:sf_runtime.dll
 0002:00000578       __imp_sf_get_chart_instance_ptr 000000018007c578     sf_runtime:sf_runtime.dll
 0002:00000580       __imp_sfrtGetCovrtInstance 000000018007c580     sf_runtime:sf_runtime.dll
 0002:00000588       __imp_sfrtGetEmlrtCtx      000000018007c588     sf_runtime:sf_runtime.dll
 0002:00000590       __imp_sf_reset_warnings_ChartRunTimeInfo 000000018007c590     sf_runtime:sf_runtime.dll
 0002:00000598       __imp_sf_free_ChartRunTimeInfo 000000018007c598     sf_runtime:sf_runtime.dll
 0002:000005a0       __imp_sf_init_ChartRunTimeInfo 000000018007c5a0     sf_runtime:sf_runtime.dll
 0002:000005a8       __imp_sf_mex_decode        000000018007c5a8     sf_runtime:sf_runtime.dll
 0002:000005b0       __imp_sf_load_rtw_optimization_info 000000018007c5b0     sf_runtime:sf_runtime.dll
 0002:000005b8       __imp_ssGetOutputPortSignal_wrapper 000000018007c5b8     sf_runtime:sf_runtime.dll
 0002:000005c0       \177sf_runtime_NULL_THUNK_DATA 000000018007c5c0     sf_runtime:sf_runtime.dll
 0002:000005c8       __guard_check_icall_fptr   000000018007c5c8     MSVCRT:guard_support.obj
 0002:000005d0       __guard_xfg_check_icall_fptr 000000018007c5d0     MSVCRT:guard_support.obj
 0002:000005d8       __guard_dispatch_icall_fptr 000000018007c5d8     MSVCRT:guard_support.obj
 0002:000005e0       __guard_xfg_dispatch_icall_fptr 000000018007c5e0     MSVCRT:guard_support.obj
 0002:000005e8       __guard_xfg_table_dispatch_icall_fptr 000000018007c5e8     MSVCRT:guard_support.obj
 0002:000005f0       __xc_a                     000000018007c5f0     MSVCRT:initializers.obj
 0002:000005f8       __xc_z                     000000018007c5f8     MSVCRT:initializers.obj
 0002:00000600       __xi_a                     000000018007c600     MSVCRT:initializers.obj
 0002:00000608       __xi_z                     000000018007c608     MSVCRT:initializers.obj
 0002:00000610       __xp_a                     000000018007c610     MSVCRT:initializers.obj
 0002:00000618       __xp_z                     000000018007c618     MSVCRT:initializers.obj
 0002:00000620       __xt_a                     000000018007c620     MSVCRT:initializers.obj
 0002:00000628       __xt_z                     000000018007c628     MSVCRT:initializers.obj
 0002:00000630       __real@41cebe7443800000    000000018007c630     wwtp3_sfun.obj
 0002:00000638       __real@41d0daa001000000    000000018007c638     wwtp3_sfun.obj
 0002:00000640       __real@41e23748cd600000    000000018007c640     wwtp3_sfun.obj
 0002:00000648       __real@41e5dcbd47400000    000000018007c648     wwtp3_sfun.obj
 0002:00000650       __real@41e625cf12000000    000000018007c650     wwtp3_sfun.obj
 0002:00000658       __real@41e85b21b2000000    000000018007c658     wwtp3_sfun.obj
 0002:00000660       __real@41e9ff1bb2200000    000000018007c660     wwtp3_sfun.obj
 0002:00000668       __real@41eba5ed82800000    000000018007c668     wwtp3_sfun.obj
 0002:00000670       __real@41ec040f54a00000    000000018007c670     wwtp3_sfun.obj
 0002:00000678       __real@41ec1a1e0de00000    000000018007c678     wwtp3_sfun.obj
 0002:00000680       __real@41ecfca157800000    000000018007c680     wwtp3_sfun.obj
 0002:00000688       __real@41ed865f7e400000    000000018007c688     wwtp3_sfun.obj
 0002:00000698       __real@0000000000000000    000000018007c698     c2_wwtp3.obj
 0002:000006a0       __real@3f60624dd2f1a9fc    000000018007c6a0     c2_wwtp3.obj
 0002:000006a8       __real@3f747ae147ae147b    000000018007c6a8     c2_wwtp3.obj
 0002:000006b0       __real@3f847ae147ae147b    000000018007c6b0     c2_wwtp3.obj
 0002:000006b8       __real@3ff0000000000000    000000018007c6b8     c2_wwtp3.obj
 0002:000006c0       __real@4000000000000000    000000018007c6c0     c2_wwtp3.obj
 0002:000006c8       __real@4008000000000000    000000018007c6c8     c2_wwtp3.obj
 0002:000006d0       __real@4010000000000000    000000018007c6d0     c2_wwtp3.obj
 0002:000006d8       __real@4014000000000000    000000018007c6d8     c2_wwtp3.obj
 0002:000006e0       __real@4018000000000000    000000018007c6e0     c2_wwtp3.obj
 0002:000006e8       __real@401c000000000000    000000018007c6e8     c2_wwtp3.obj
 0002:000006f0       __real@4020000000000000    000000018007c6f0     c2_wwtp3.obj
 0002:000006f8       __real@4022000000000000    000000018007c6f8     c2_wwtp3.obj
 0002:00000700       __real@4024000000000000    000000018007c700     c2_wwtp3.obj
 0002:00000708       __real@4026000000000000    000000018007c708     c2_wwtp3.obj
 0002:00000710       __real@4028000000000000    000000018007c710     c2_wwtp3.obj
 0002:00000718       __real@402a000000000000    000000018007c718     c2_wwtp3.obj
 0002:00000720       __real@4054000000000000    000000018007c720     c2_wwtp3.obj
 0002:00000728       __real@405f400000000000    000000018007c728     c2_wwtp3.obj
 0002:00000730       __real@405fc00000000000    000000018007c730     c2_wwtp3.obj
 0002:00000738       __real@4070000000000000    000000018007c738     c2_wwtp3.obj
 0002:00000740       __real@40b39c0000000000    000000018007c740     c2_wwtp3.obj
 0002:00000748       __real@40efffe000000000    000000018007c748     c2_wwtp3.obj
 0002:00000750       __real@40f0000000000000    000000018007c750     c2_wwtp3.obj
 0002:00000758       __real@4199efd9b8000000    000000018007c758     c2_wwtp3.obj
 0002:00000760       __real@41c918abeb000000    000000018007c760     c2_wwtp3.obj
 0002:00000768       __real@41cdcd6500000000    000000018007c768     c2_wwtp3.obj
 0002:00000770       __real@41d7912f6cc00000    000000018007c770     c2_wwtp3.obj
 0002:00000778       __real@41dfffffffc00000    000000018007c778     c2_wwtp3.obj
 0002:00000780       __real@41e206f9a6a00000    000000018007c780     c2_wwtp3.obj
 0002:00000788       __real@41f0000000000000    000000018007c788     c2_wwtp3.obj
 0002:00000790       __real@43e0000000000000    000000018007c790     c2_wwtp3.obj
 0002:00000798       __real@bff0000000000000    000000018007c798     c2_wwtp3.obj
 0002:000007a0       __real@c1e0000000000000    000000018007c7a0     c2_wwtp3.obj
 0002:000007b0       __real@402e000000000000    000000018007c7b0     c4_wwtp3.obj
 0002:000007b8       __real@41ccba4469800000    000000018007c7b8     c4_wwtp3.obj
 0002:000007c0       __real@41d70646a2000000    000000018007c7c0     c4_wwtp3.obj
 0002:000007c8       __real@41d9cb97a2400000    000000018007c7c8     c4_wwtp3.obj
 0002:000007d0       __real@41db059f12800000    000000018007c7d0     c4_wwtp3.obj
 0002:000007d8       DYNAMIC_DIMENSION_DEF      000000018007c7d8     wwtp3_sfun_registry.obj
 0002:000007f0       __real@41602cbca0000000    000000018007c7f0     wwtp3_sfun_registry.obj
 0002:000007f8       __real@77800000            000000018007c7f8     half_type.obj
 0002:00000810       _pRawDllMain               000000018007c810     MSVCRT:dll_dllmain.obj
 0002:00000810       _pDefaultRawDllMain        000000018007c810     MSVCRT:dll_dllmain.obj
 0002:00000820       __xmm@ffffffffffffffffffffffffffffffff 000000018007c820     MSVCRT:utility.obj
 0002:00000850       _load_config_used          000000018007c850     MSVCRT:loadcfg.obj
 0002:00000a00       __CastGuardVftablesStart   000000018007ca00     MSVCRT:guard_support.obj
 0002:00000a08       __CastGuardVftablesEnd     000000018007ca08     MSVCRT:guard_support.obj
 0002:00000c70       __rtc_iaa                  000000018007cc70     MSVCRT:initsect.obj
 0002:00000c78       __rtc_izz                  000000018007cc78     MSVCRT:initsect.obj
 0002:00000c80       __rtc_taa                  000000018007cc80     MSVCRT:initsect.obj
 0002:00000c88       __rtc_tzz                  000000018007cc88     MSVCRT:initsect.obj
 0002:000023c4       __IMPORT_DESCRIPTOR_asynciocoder 000000018007e3c4     asynciocoder:asynciocoder.dll
 0002:000023d8       __IMPORT_DESCRIPTOR_sf_runtime 000000018007e3d8     sf_runtime:sf_runtime.dll
 0002:000023ec       __IMPORT_DESCRIPTOR_libmx  000000018007e3ec     libmx:libmx.dll
 0002:00002400       __IMPORT_DESCRIPTOR_libmex 000000018007e400     libmex:libmex.dll
 0002:00002414       __IMPORT_DESCRIPTOR_libut  000000018007e414     libut:libut.dll
 0002:00002428       __IMPORT_DESCRIPTOR_libmwmathutil 000000018007e428     libmwmathutil:libmwmathutil.dll
 0002:0000243c       __IMPORT_DESCRIPTOR_libemlrt 000000018007e43c     libemlrt:libemlrt.dll
 0002:00002450       __IMPORT_DESCRIPTOR_libcovrt 000000018007e450     libcovrt:libcovrt.dll
 0002:00002464       __IMPORT_DESCRIPTOR_KERNEL32 000000018007e464     kernel32:KERNEL32.dll
 0002:00002478       __IMPORT_DESCRIPTOR_VCRUNTIME140 000000018007e478     vcruntime:VCRUNTIME140.dll
 0002:0000248c       __IMPORT_DESCRIPTOR_api-ms-win-crt-string-l1-1-0 000000018007e48c     ucrt:api-ms-win-crt-string-l1-1-0.dll
 0002:000024a0       __IMPORT_DESCRIPTOR_api-ms-win-crt-stdio-l1-1-0 000000018007e4a0     ucrt:api-ms-win-crt-stdio-l1-1-0.dll
 0002:000024b4       __IMPORT_DESCRIPTOR_api-ms-win-crt-heap-l1-1-0 000000018007e4b4     ucrt:api-ms-win-crt-heap-l1-1-0.dll
 0002:000024c8       __IMPORT_DESCRIPTOR_api-ms-win-crt-runtime-l1-1-0 000000018007e4c8     ucrt:api-ms-win-crt-runtime-l1-1-0.dll
 0002:000024dc       __NULL_IMPORT_DESCRIPTOR   000000018007e4dc     asynciocoder:asynciocoder.dll
 0003:000287e0       DYNAMIC_DIMENSION          00000001800a87e0     wwtp3_sfun_registry.obj
 0003:0002ad90       __security_cookie_complement 00000001800aad90     MSVCRT:gs_cookie.obj
 0003:0002ad98       __security_cookie          00000001800aad98     MSVCRT:gs_cookie.obj
 0003:0002ada0       _fltused                   00000001800aada0     MSVCRT:fltused.obj
 0003:0002adb0       __scrt_native_dllmain_reason 00000001800aadb0     MSVCRT:utility.obj
 0003:0002adb8       __isa_available            00000001800aadb8     MSVCRT:cpu_disp.obj
 0003:0002adbc       __isa_enabled              00000001800aadbc     MSVCRT:cpu_disp.obj
 0003:0002adc0       __memcpy_nt_iters          00000001800aadc0     MSVCRT:cpu_disp.obj
 0003:0002adc8       __memset_nt_iters          00000001800aadc8     MSVCRT:cpu_disp.obj
 0003:0002add0       __scrt_ucrt_dll_is_in_use  00000001800aadd0     MSVCRT:ucrt_stubs.obj
 0003:0002bfc0       ?__type_info_root_node@@3U__type_info_node@@A 00000001800abfc0     MSVCRT:tncleanup.obj
 0003:0002bfd0       ?_OptionsStorage@?1??__local_stdio_printf_options@@9@4_KA 00000001800abfd0     MSVCRT:default_local_stdio_options.obj
 0003:0002bfd8       ?_OptionsStorage@?1??__local_stdio_scanf_options@@9@4_KA 00000001800abfd8     MSVCRT:default_local_stdio_options.obj
 0003:0002bfe0       __scrt_current_native_startup_state 00000001800abfe0     MSVCRT:utility.obj
 0003:0002bfe8       __scrt_native_startup_lock 00000001800abfe8     MSVCRT:utility.obj
 0003:0002c028       __scrt_debugger_hook_flag  00000001800ac028     MSVCRT:utility_desktop.obj
 0003:0002c030       __castguard_check_failure_os_handled_fptr 00000001800ac030     MSVCRT:guard_support.obj
 0003:0002c038       __favor                    00000001800ac038     MSVCRT:cpu_disp.obj
 0003:0002c040       ?_OptionsStorage@?1??__local_stdio_printf_options@@9@9 00000001800ac040     <common>
 0003:0002c048       __dyn_tls_init_callback    00000001800ac048     <common>

 entry point at        0001:000793b8

 Static symbols

 0000:00000000       .debug$S                   0000000180000000     wwtp3_sfun.exp
 0002:fff84000       __guard_ehcont_?dllmain_dispatch@@YAHQEAUHINSTANCE__@@KQEAX@Z 0000000180000000     MSVCRT:dll_dllmain.obj
 0002:fff84000       __guard_fids_?dllmain_dispatch@@YAHQEAUHINSTANCE__@@KQEAX@Z 0000000180000000     MSVCRT:dll_dllmain.obj
 0002:fff84000       __guard_fids__             0000000180000000     MSVCRT:guard_support.obj
 0002:fff84000       __guard_fids__             0000000180000000     MSVCRT:guard_support.obj
 0002:fff84000       __guard_fids__guard_icall_checks_enforced 0000000180000000     MSVCRT:guard_support.obj
 0002:fff84000       __guard_ehcont___scrt_is_nonwritable_in_current_image 0000000180000000     MSVCRT:utility.obj
 0002:fff84000       __guard_fids___scrt_set_unhandled_exception_filter 0000000180000000     MSVCRT:utility_desktop.obj
 0000:00000000       .debug$S                   0000000180000000     vcruntime:VCRUNTIME140.dll
 0000:00000000       .debug$S                   0000000180000000     vcruntime:VCRUNTIME140.dll
 0000:00000000       .debug$S                   0000000180000000     vcruntime:VCRUNTIME140.dll
 0000:00000000       .debug$S                   0000000180000000     vcruntime:VCRUNTIME140.dll
 0000:00000000       .debug$S                   0000000180000000     vcruntime:VCRUNTIME140.dll
 0000:00000000       .debug$S                   0000000180000000     vcruntime:VCRUNTIME140.dll
 0000:00000000       .debug$S                   0000000180000000     ucrt:api-ms-win-crt-heap-l1-1-0.dll
 0000:00000000       .debug$S                   0000000180000000     ucrt:api-ms-win-crt-heap-l1-1-0.dll
 0000:00000000       .debug$S                   0000000180000000     ucrt:api-ms-win-crt-runtime-l1-1-0.dll
 0000:00000000       .debug$S                   0000000180000000     ucrt:api-ms-win-crt-runtime-l1-1-0.dll
 0000:00000000       .debug$S                   0000000180000000     ucrt:api-ms-win-crt-runtime-l1-1-0.dll
 0000:00000000       .debug$S                   0000000180000000     ucrt:api-ms-win-crt-runtime-l1-1-0.dll
 0000:00000000       .debug$S                   0000000180000000     ucrt:api-ms-win-crt-runtime-l1-1-0.dll
 0000:00000000       .debug$S                   0000000180000000     ucrt:api-ms-win-crt-runtime-l1-1-0.dll
 0000:00000000       .debug$S                   0000000180000000     ucrt:api-ms-win-crt-runtime-l1-1-0.dll
 0000:00000000       .debug$S                   0000000180000000     ucrt:api-ms-win-crt-runtime-l1-1-0.dll
 0000:00000000       .debug$S                   0000000180000000     ucrt:api-ms-win-crt-runtime-l1-1-0.dll
 0000:00000000       .debug$S                   0000000180000000     ucrt:api-ms-win-crt-runtime-l1-1-0.dll
 0000:00000000       .debug$S                   0000000180000000     ucrt:api-ms-win-crt-runtime-l1-1-0.dll
 0000:00000000       .debug$S                   0000000180000000     ucrt:api-ms-win-crt-runtime-l1-1-0.dll
 0000:00000000       .debug$S                   0000000180000000     ucrt:api-ms-win-crt-stdio-l1-1-0.dll
 0000:00000000       .debug$S                   0000000180000000     ucrt:api-ms-win-crt-string-l1-1-0.dll
 0000:00000000       .debug$S                   0000000180000000     ucrt:api-ms-win-crt-string-l1-1-0.dll
 0000:00000000       .debug$S                   0000000180000000     ucrt:api-ms-win-crt-string-l1-1-0.dll
 0000:00000000       .debug$S                   0000000180000000     kernel32:KERNEL32.dll
 0000:00000000       .debug$S                   0000000180000000     kernel32:KERNEL32.dll
 0000:00000000       .debug$S                   0000000180000000     kernel32:KERNEL32.dll
 0000:00000000       .debug$S                   0000000180000000     kernel32:KERNEL32.dll
 0000:00000000       .debug$S                   0000000180000000     kernel32:KERNEL32.dll
 0000:00000000       .debug$S                   0000000180000000     kernel32:KERNEL32.dll
 0000:00000000       .debug$S                   0000000180000000     kernel32:KERNEL32.dll
 0000:00000000       .debug$S                   0000000180000000     kernel32:KERNEL32.dll
 0000:00000000       .debug$S                   0000000180000000     kernel32:KERNEL32.dll
 0000:00000000       .debug$S                   0000000180000000     kernel32:KERNEL32.dll
 0000:00000000       .debug$S                   0000000180000000     kernel32:KERNEL32.dll
 0000:00000000       .debug$S                   0000000180000000     kernel32:KERNEL32.dll
 0000:00000000       .debug$S                   0000000180000000     kernel32:KERNEL32.dll
 0000:00000000       .debug$S                   0000000180000000     kernel32:KERNEL32.dll
 0000:00000000       .debug$S                   0000000180000000     kernel32:KERNEL32.dll
 0000:00000000       .debug$S                   0000000180000000     kernel32:KERNEL32.dll
 0000:00000000       .debug$S                   0000000180000000     kernel32:KERNEL32.dll
 0000:00000000       .debug$S                   0000000180000000     asynciocoder:asynciocoder.dll
 0000:00000000       .debug$S                   0000000180000000     asynciocoder:asynciocoder.dll
 0000:00000000       .debug$S                   0000000180000000     asynciocoder:asynciocoder.dll
 0000:00000000       .debug$S                   0000000180000000     asynciocoder:asynciocoder.dll
 0000:00000000       .debug$S                   0000000180000000     asynciocoder:asynciocoder.dll
 0000:00000000       .debug$S                   0000000180000000     asynciocoder:asynciocoder.dll
 0000:00000000       .debug$S                   0000000180000000     asynciocoder:asynciocoder.dll
 0000:00000000       .debug$S                   0000000180000000     asynciocoder:asynciocoder.dll
 0000:00000000       .debug$S                   0000000180000000     asynciocoder:asynciocoder.dll
 0000:00000000       .debug$S                   0000000180000000     asynciocoder:asynciocoder.dll
 0000:00000000       .debug$S                   0000000180000000     asynciocoder:asynciocoder.dll
 0000:00000000       .debug$S                   0000000180000000     asynciocoder:asynciocoder.dll
 0000:00000000       .debug$S                   0000000180000000     asynciocoder:asynciocoder.dll
 0000:00000000       .debug$S                   0000000180000000     asynciocoder:asynciocoder.dll
 0000:00000000       .debug$S                   0000000180000000     asynciocoder:asynciocoder.dll
 0000:00000000       .debug$S                   0000000180000000     asynciocoder:asynciocoder.dll
 0000:00000000       .debug$S                   0000000180000000     asynciocoder:asynciocoder.dll
 0000:00000000       .debug$S                   0000000180000000     asynciocoder:asynciocoder.dll
 0000:00000000       .debug$S                   0000000180000000     asynciocoder:asynciocoder.dll
 0000:00000000       .debug$S                   0000000180000000     asynciocoder:asynciocoder.dll
 0000:00000000       .debug$S                   0000000180000000     asynciocoder:asynciocoder.dll
 0000:00000000       .debug$S                   0000000180000000     asynciocoder:asynciocoder.dll
 0000:00000000       .debug$S                   0000000180000000     asynciocoder:asynciocoder.dll
 0000:00000000       .debug$S                   0000000180000000     asynciocoder:asynciocoder.dll
 0000:00000000       .debug$S                   0000000180000000     asynciocoder:asynciocoder.dll
 0000:00000000       .debug$S                   0000000180000000     libcovrt:libcovrt.dll
 0000:00000000       .debug$S                   0000000180000000     libcovrt:libcovrt.dll
 0000:00000000       .debug$S                   0000000180000000     libcovrt:libcovrt.dll
[...]
 0003:00028c48       $SG26817                   00000001800a8c48     wwtp3_sfun_registry.obj
 0003:00028c50       $SG26841                   00000001800a8c50     wwtp3_sfun_registry.obj
 0003:00028ca0       $SG26842                   00000001800a8ca0     wwtp3_sfun_registry.obj
 0003:00028cb0       $SG26843                   00000001800a8cb0     wwtp3_sfun_registry.obj
 0003:00028cb8       $SG26856                   00000001800a8cb8     wwtp3_sfun_registry.obj
 0003:00028cc0       $SG26855                   00000001800a8cc0     wwtp3_sfun_registry.obj
 0003:00028d20       $SG26857                   00000001800a8d20     wwtp3_sfun_registry.obj
 0003:00028d28       $SG26870                   00000001800a8d28     wwtp3_sfun_registry.obj
 0003:00028d30       $SG26869                   00000001800a8d30     wwtp3_sfun_registry.obj
 0003:00028d90       $SG26871                   00000001800a8d90     wwtp3_sfun_registry.obj
 0003:00028d98       $SG27846                   00000001800a8d98     wwtp3_sfun_registry.obj
 0003:00028db0       $SG27224                   00000001800a8db0     wwtp3_sfun_registry.obj
 0003:00028e28       $SG27917                   00000001800a8e28     wwtp3_sfun_registry.obj
 0003:00028e30       $SG27227                   00000001800a8e30     wwtp3_sfun_registry.obj
 0003:00028ea4       $SG27918                   00000001800a8ea4     wwtp3_sfun_registry.obj
 0003:00028eb0       $SG27232                   00000001800a8eb0     wwtp3_sfun_registry.obj
 0003:00028f28       $SG27919                   00000001800a8f28     wwtp3_sfun_registry.obj
 0003:00028f30       $SG27240                   00000001800a8f30     wwtp3_sfun_registry.obj
 0003:00028fa0       $SG27515                   00000001800a8fa0     wwtp3_sfun_registry.obj
 0003:00029018       $SG27925                   00000001800a9018     wwtp3_sfun_registry.obj
 0003:00029020       $SG27520                   00000001800a9020     wwtp3_sfun_registry.obj
 0003:00029098       $SG27928                   00000001800a9098     wwtp3_sfun_registry.obj
 0003:000290a0       $SG27859                   00000001800a90a0     wwtp3_sfun_registry.obj
 0003:00029118       $SG27931                   00000001800a9118     wwtp3_sfun_registry.obj
 0003:00029120       $SG27920                   00000001800a9120     wwtp3_sfun_registry.obj
 0003:00029198       $SG27937                   00000001800a9198     wwtp3_sfun_registry.obj
 0003:000291a0       $SG27922                   00000001800a91a0     wwtp3_sfun_registry.obj
 0003:00029220       $SG27932                   00000001800a9220     wwtp3_sfun_registry.obj
 0003:000292a0       $SG27933                   00000001800a92a0     wwtp3_sfun_registry.obj
 0003:000292b0       $SG27935                   00000001800a92b0     wwtp3_sfun_registry.obj
 0003:000292bc       $SG27939                   00000001800a92bc     wwtp3_sfun_registry.obj
 0003:000292c8       $SG27941                   00000001800a92c8     wwtp3_sfun_registry.obj
 0003:000292d8       $SG28064                   00000001800a92d8     wwtp3_sfun_registry.obj
 0003:00029308       $SG28066                   00000001800a9308     wwtp3_sfun_registry.obj
 0003:00029310       $SG27946                   00000001800a9310     wwtp3_sfun_registry.obj
 0003:000293f8       $SG28065                   00000001800a93f8     wwtp3_sfun_registry.obj
 0003:00029408       $SG28068                   00000001800a9408     wwtp3_sfun_registry.obj
 0003:00029440       $SG28069                   00000001800a9440     wwtp3_sfun_registry.obj
 0003:00029450       $SG28070                   00000001800a9450     wwtp3_sfun_registry.obj
 0003:00029458       $SG28073                   00000001800a9458     wwtp3_sfun_registry.obj
 0003:00029490       $SG28074                   00000001800a9490     wwtp3_sfun_registry.obj
 0003:000294a0       $SG28075                   00000001800a94a0     wwtp3_sfun_registry.obj
 0003:000294a8       $SG28077                   00000001800a94a8     wwtp3_sfun_registry.obj
 0003:000294e0       $SG28078                   00000001800a94e0     wwtp3_sfun_registry.obj
 0003:000294f0       $SG28079                   00000001800a94f0     wwtp3_sfun_registry.obj
 0003:000294f8       $SG28081                   00000001800a94f8     wwtp3_sfun_registry.obj
 0003:00029530       $SG28082                   00000001800a9530     wwtp3_sfun_registry.obj
 0003:00029540       $SG28083                   00000001800a9540     wwtp3_sfun_registry.obj
 0003:00029548       $SG28086                   00000001800a9548     wwtp3_sfun_registry.obj
 0003:00029550       $SG28088                   00000001800a9550     wwtp3_sfun_registry.obj
 0003:00029568       $SG28089                   00000001800a9568     wwtp3_sfun_registry.obj
 0003:000295a0       $SG28090                   00000001800a95a0     wwtp3_sfun_registry.obj
 0003:000295b0       $SG28091                   00000001800a95b0     wwtp3_sfun_registry.obj
 0003:000295b8       $SG28261                   00000001800a95b8     wwtp3_sfun_registry.obj
 0003:000295d8       $SG28268                   00000001800a95d8     wwtp3_sfun_registry.obj
 0003:000295f0       $SG28262                   00000001800a95f0     wwtp3_sfun_registry.obj
 0003:00029680       $SG28269                   00000001800a9680     wwtp3_sfun_registry.obj
 0003:00029710       $SG28275                   00000001800a9710     wwtp3_sfun_registry.obj
 0003:00029728       $SG28294                   00000001800a9728     wwtp3_sfun_registry.obj
 0003:00029748       $SG28299                   00000001800a9748     wwtp3_sfun_registry.obj
 0003:00029770       $SG28276                   00000001800a9770     wwtp3_sfun_registry.obj
 0003:00029800       $SG28282                   00000001800a9800     wwtp3_sfun_registry.obj
 0003:00029820       $SG28283                   00000001800a9820     wwtp3_sfun_registry.obj
 0003:000298b0       $SG28289                   00000001800a98b0     wwtp3_sfun_registry.obj
 0003:000298d0       $SG28290                   00000001800a98d0     wwtp3_sfun_registry.obj
 0003:00029960       $SG28295                   00000001800a9960     wwtp3_sfun_registry.obj
 0003:000299f0       $SG28300                   00000001800a99f0     wwtp3_sfun_registry.obj
 0003:00029a80       $SG28304                   00000001800a9a80     wwtp3_sfun_registry.obj
 0003:00029aa8       $SG28319                   00000001800a9aa8     wwtp3_sfun_registry.obj
 0003:00029ac0       $SG28305                   00000001800a9ac0     wwtp3_sfun_registry.obj
 0003:00029b50       $SG28309                   00000001800a9b50     wwtp3_sfun_registry.obj
 0003:00029b70       $SG28310                   00000001800a9b70     wwtp3_sfun_registry.obj
 0003:00029c00       $SG28314                   00000001800a9c00     wwtp3_sfun_registry.obj
 0003:00029c20       $SG28315                   00000001800a9c20     wwtp3_sfun_registry.obj
 0003:00029cb0       $SG28320                   00000001800a9cb0     wwtp3_sfun_registry.obj
 0003:00029d40       $SG28324                   00000001800a9d40     wwtp3_sfun_registry.obj
 0003:00029d60       $SG28325                   00000001800a9d60     wwtp3_sfun_registry.obj
 0003:00029df0       $SG28329                   00000001800a9df0     wwtp3_sfun_registry.obj
 0003:00029e10       $SG28330                   00000001800a9e10     wwtp3_sfun_registry.obj
 0003:00029ea0       $SG28334                   00000001800a9ea0     wwtp3_sfun_registry.obj
 0003:00029ec0       $SG28335                   00000001800a9ec0     wwtp3_sfun_registry.obj
 0003:00029f50       $SG28339                   00000001800a9f50     wwtp3_sfun_registry.obj
 0003:00029f70       $SG28340                   00000001800a9f70     wwtp3_sfun_registry.obj
 0003:0002a000       $SG28344                   00000001800aa000     wwtp3_sfun_registry.obj
 0003:0002a020       $SG28345                   00000001800aa020     wwtp3_sfun_registry.obj
 0003:0002a0b0       $SG28349                   00000001800aa0b0     wwtp3_sfun_registry.obj
 0003:0002a0d0       $SG28350                   00000001800aa0d0     wwtp3_sfun_registry.obj
 0003:0002a160       $SG28355                   00000001800aa160     wwtp3_sfun_registry.obj
 0003:0002a178       $SG28366                   00000001800aa178     wwtp3_sfun_registry.obj
 0003:0002a190       $SG28356                   00000001800aa190     wwtp3_sfun_registry.obj
 0003:0002a220       $SG28362                   00000001800aa220     wwtp3_sfun_registry.obj
 0003:0002a2b0       $SG28367                   00000001800aa2b0     wwtp3_sfun_registry.obj
 0003:0002a340       $SG28371                   00000001800aa340     wwtp3_sfun_registry.obj
 0003:0002a350       $SG28372                   00000001800aa350     wwtp3_sfun_registry.obj
 0003:0002a3e0       $SG28376                   00000001800aa3e0     wwtp3_sfun_registry.obj
 0003:0002a400       $SG28377                   00000001800aa400     wwtp3_sfun_registry.obj
 0003:0002a490       $SG28381                   00000001800aa490     wwtp3_sfun_registry.obj
 0003:0002a4b0       $SG28382                   00000001800aa4b0     wwtp3_sfun_registry.obj
 0003:0002a540       $SG28386                   00000001800aa540     wwtp3_sfun_registry.obj
 0003:0002a550       $SG28387                   00000001800aa550     wwtp3_sfun_registry.obj
 0003:0002a5e0       $SG28391                   00000001800aa5e0     wwtp3_sfun_registry.obj
 0003:0002a5f0       $SG28392                   00000001800aa5f0     wwtp3_sfun_registry.obj
 0003:0002a680       $SG28396                   00000001800aa680     wwtp3_sfun_registry.obj
 0003:0002a698       $SG28401                   00000001800aa698     wwtp3_sfun_registry.obj
 0003:0002a6b0       $SG28397                   00000001800aa6b0     wwtp3_sfun_registry.obj
 0003:0002a740       $SG28402                   00000001800aa740     wwtp3_sfun_registry.obj
 0003:0002a7d0       $SG28406                   00000001800aa7d0     wwtp3_sfun_registry.obj
 0003:0002a7e0       $SG28407                   00000001800aa7e0     wwtp3_sfun_registry.obj
 0003:0002a870       $SG28415                   00000001800aa870     wwtp3_sfun_registry.obj
 0003:0002a880       $SG28416                   00000001800aa880     wwtp3_sfun_registry.obj
 0003:0002a910       $SG28422                   00000001800aa910     wwtp3_sfun_registry.obj
 0003:0002a920       $SG28423                   00000001800aa920     wwtp3_sfun_registry.obj
 0003:0002a9b0       $SG28427                   00000001800aa9b0     wwtp3_sfun_registry.obj
 0003:0002a9c0       $SG28428                   00000001800aa9c0     wwtp3_sfun_registry.obj
 0003:0002aa50       $SG28433                   00000001800aaa50     wwtp3_sfun_registry.obj
 0003:0002aa60       $SG28434                   00000001800aaa60     wwtp3_sfun_registry.obj
 0003:0002aaf0       $SG28438                   00000001800aaaf0     wwtp3_sfun_registry.obj
 0003:0002ab68       $SG28481                   00000001800aab68     wwtp3_sfun_registry.obj
 0003:0002ab78       $SG28562                   00000001800aab78     wwtp3_sfun_registry.obj
 0003:0002ab80       $SG28468                   00000001800aab80     wwtp3_sfun_registry.obj
 0003:0002ac98       $SG28492                   00000001800aac98     wwtp3_sfun_registry.obj
 0003:0002aca8       $SG28505                   00000001800aaca8     wwtp3_sfun_registry.obj
 0003:0002acb8       $SG28516                   00000001800aacb8     wwtp3_sfun_registry.obj
 0003:0002acc8       $SG28529                   00000001800aacc8     wwtp3_sfun_registry.obj
 0003:0002acd8       $SG28540                   00000001800aacd8     wwtp3_sfun_registry.obj
 0003:0002ace8       $SG28550                   00000001800aace8     wwtp3_sfun_registry.obj
 0003:0002ad08       $SG28561                   00000001800aad08     wwtp3_sfun_registry.obj
 0003:0002ad38       $SG28563                   00000001800aad38     wwtp3_sfun_registry.obj
 0003:0002ad40       $SG28574                   00000001800aad40     wwtp3_sfun_registry.obj
 0003:0002ad78       $SG28575                   00000001800aad78     wwtp3_sfun_registry.obj
 0003:0002ad80       $SG28576                   00000001800aad80     wwtp3_sfun_registry.obj
 0003:0002ade0       sRtwOptimizationInfoStruct 00000001800aade0     wwtp3_sfun.obj
 0003:0002ade8       sOptimizationInfoFlags     00000001800aade8     wwtp3_sfun.obj
 0003:0002adf0       $SG27579                   00000001800aadf0     c2_wwtp3.obj
 0003:0002adf1       $SG27583                   00000001800aadf1     c2_wwtp3.obj
 0003:0002adf2       $SG27587                   00000001800aadf2     c2_wwtp3.obj
 0003:0002adf3       $SG27591                   00000001800aadf3     c2_wwtp3.obj
 0003:0002adf4       $SG27601                   00000001800aadf4     c2_wwtp3.obj
 0003:0002adf5       $SG27617                   00000001800aadf5     c2_wwtp3.obj
 0003:0002adf6       $SG27636                   00000001800aadf6     c2_wwtp3.obj
 0003:0002adf7       $SG27640                   00000001800aadf7     c2_wwtp3.obj
 0003:0002adf8       $SG27644                   00000001800aadf8     c2_wwtp3.obj
 0003:0002adf9       $SG27648                   00000001800aadf9     c2_wwtp3.obj
 0003:0002adfa       $SG27655                   00000001800aadfa     c2_wwtp3.obj
 0003:0002adfb       $SG27662                   00000001800aadfb     c2_wwtp3.obj
 0003:0002adfc       $SG27669                   00000001800aadfc     c2_wwtp3.obj
 0003:0002adfd       $SG27676                   00000001800aadfd     c2_wwtp3.obj
 0003:0002adfe       $SG27680                   00000001800aadfe     c2_wwtp3.obj
 0003:0002adff       $SG27687                   00000001800aadff     c2_wwtp3.obj
 0003:0002ae00       $SG27694                   00000001800aae00     c2_wwtp3.obj
 0003:0002ae01       $SG27701                   00000001800aae01     c2_wwtp3.obj
 0003:0002ae02       $SG27708                   00000001800aae02     c2_wwtp3.obj
 0003:0002ae03       $SG27718                   00000001800aae03     c2_wwtp3.obj
 0003:0002ae04       $SG27725                   00000001800aae04     c2_wwtp3.obj
 0003:0002ae05       $SG27729                   00000001800aae05     c2_wwtp3.obj
 0003:0002ae06       $SG27739                   00000001800aae06     c2_wwtp3.obj
 0003:0002ae07       $SG27743                   00000001800aae07     c2_wwtp3.obj
 0003:0002ae08       $SG27750                   00000001800aae08     c2_wwtp3.obj
 0003:0002ae09       $SG27754                   00000001800aae09     c2_wwtp3.obj
 0003:0002ae0a       $SG27758                   00000001800aae0a     c2_wwtp3.obj
 0003:0002ae0b       $SG27762                   00000001800aae0b     c2_wwtp3.obj
 0003:0002ae0c       $SG27766                   00000001800aae0c     c2_wwtp3.obj
 0003:0002ae0d       $SG27773                   00000001800aae0d     c2_wwtp3.obj
 0003:0002ae0e       $SG29315                   00000001800aae0e     c2_wwtp3.obj
 0003:0002ae0f       $SG35387                   00000001800aae0f     c2_wwtp3.obj
 0003:0002ae10       _sfTime_                   00000001800aae10     c2_wwtp3.obj
 0003:0002ae18       ?c2_streamLimits@?1??c2_TCPClient_initializeChannel@@9@9 00000001800aae18     c2_wwtp3.obj
 0003:0002ae28       $SG38275                   00000001800aae28     c2_wwtp3.obj
 0003:0002ae29       $SG38276                   00000001800aae29     c2_wwtp3.obj
 0003:0002ae2a       $SG38427                   00000001800aae2a     c2_wwtp3.obj
 0003:0002ae30       ?newstr@?1??sf_c2_wwtp3_get_post_codegen_info@@9@9 00000001800aae30     c2_wwtp3.obj
 0003:0002b430       $SG27561                   00000001800ab430     c4_wwtp3.obj
 0003:0002b431       $SG27565                   00000001800ab431     c4_wwtp3.obj
 0003:0002b432       $SG27569                   00000001800ab432     c4_wwtp3.obj
 0003:0002b433       $SG27573                   00000001800ab433     c4_wwtp3.obj
 0003:0002b434       $SG27577                   00000001800ab434     c4_wwtp3.obj
 0003:0002b435       $SG27593                   00000001800ab435     c4_wwtp3.obj
 0003:0002b436       $SG27597                   00000001800ab436     c4_wwtp3.obj
 0003:0002b437       $SG27604                   00000001800ab437     c4_wwtp3.obj
 0003:0002b438       $SG27614                   00000001800ab438     c4_wwtp3.obj
 0003:0002b439       $SG27618                   00000001800ab439     c4_wwtp3.obj
 0003:0002b43a       $SG27622                   00000001800ab43a     c4_wwtp3.obj
 0003:0002b43b       $SG27629                   00000001800ab43b     c4_wwtp3.obj
 0003:0002b43c       $SG27636                   00000001800ab43c     c4_wwtp3.obj
 0003:0002b43d       $SG27643                   00000001800ab43d     c4_wwtp3.obj
 0003:0002b43e       $SG27650                   00000001800ab43e     c4_wwtp3.obj
 0003:0002b43f       $SG27654                   00000001800ab43f     c4_wwtp3.obj
 0003:0002b440       $SG27661                   00000001800ab440     c4_wwtp3.obj
 0003:0002b441       $SG27668                   00000001800ab441     c4_wwtp3.obj
 0003:0002b442       $SG27675                   00000001800ab442     c4_wwtp3.obj
 0003:0002b443       $SG27682                   00000001800ab443     c4_wwtp3.obj
 0003:0002b444       $SG27692                   00000001800ab444     c4_wwtp3.obj
 0003:0002b445       $SG27699                   00000001800ab445     c4_wwtp3.obj
 0003:0002b446       $SG27703                   00000001800ab446     c4_wwtp3.obj
 0003:0002b447       $SG27713                   00000001800ab447     c4_wwtp3.obj
 0003:0002b448       $SG27717                   00000001800ab448     c4_wwtp3.obj
 0003:0002b449       $SG27724                   00000001800ab449     c4_wwtp3.obj
 0003:0002b44a       $SG27728                   00000001800ab44a     c4_wwtp3.obj
 0003:0002b44b       $SG27732                   00000001800ab44b     c4_wwtp3.obj
 0003:0002b44c       $SG27736                   00000001800ab44c     c4_wwtp3.obj
 0003:0002b44d       $SG29285                   00000001800ab44d     c4_wwtp3.obj
 0003:0002b44e       $SG35540                   00000001800ab44e     c4_wwtp3.obj
 0003:0002b44f       $SG38237                   00000001800ab44f     c4_wwtp3.obj
 0003:0002b450       _sfTime_                   00000001800ab450     c4_wwtp3.obj
 0003:0002b458       ?c4_streamLimits@?1??c4_TCPClient_initializeChannel@@9@9 00000001800ab458     c4_wwtp3.obj
 0003:0002b468       $SG38238                   00000001800ab468     c4_wwtp3.obj
 0003:0002b469       $SG38387                   00000001800ab469     c4_wwtp3.obj
 0003:0002b470       ?newstr@?1??sf_c4_wwtp3_get_post_codegen_info@@9@9 00000001800ab470     c4_wwtp3.obj
 0003:0002ba38       sfGlobalMdlStartCallCounts 00000001800aba38     wwtp3_sfun_registry.obj
 0003:0002ba3c       $SG27913                   00000001800aba3c     wwtp3_sfun_registry.obj
 0003:0002ba3e       ?warningGuard@?1??ssGetRootSS@@9@9 00000001800aba3e     wwtp3_sfun_registry.obj
 0003:0002ba3f       ?warningGuard@?1??ssGetParentSS@@9@9 00000001800aba3f     wwtp3_sfun_registry.obj
 0003:0002ba40       GS_ExceptionRecord         00000001800aba40     MSVCRT:gs_report.obj
 0003:0002bae0       GS_ContextRecord           00000001800abae0     MSVCRT:gs_report.obj
 0003:0002bfb0       ?__proc_attached@@3HA      00000001800abfb0     MSVCRT:dll_dllmain.obj
 0003:0002bff0       ?is_initialized_as_dll@@3_NA 00000001800abff0     MSVCRT:utility.obj
 0003:0002bff1       ?module_local_atexit_table_initialized@@3_NA 00000001800abff1     MSVCRT:utility.obj
 0003:0002bff8       ?module_local_atexit_table@@3U_onexit_table_t@@A 00000001800abff8     MSVCRT:utility.obj
 0003:0002c010       ?module_local_at_quick_exit_table@@3U_onexit_table_t@@A 00000001800ac010     MSVCRT:utility.obj
